<html>
<body>
<pre>
<h1>礦ision Build Log</h1>
<h2>Tool Versions:</h2>
IDE-Version: μVision V5.39.0.0
Copyright (C) 2023 ARM Ltd and ARM Germany GmbH. All rights reserved.
License Information: frg sam, fsgs, LIC=03C6R-K74MK-X72RZ-J73M2-INF0V-UUA1U
 
Tool Versions:
Toolchain:       MDK-ARM Plus  Version: 5.39.0.0
Toolchain Path:  D:\Keil_v5\ARM\ARMCompiler_506_Windows_x86_b960\Bin
C Compiler:      Armcc.exe V5.06 update 7 (build 960)
Assembler:       Armasm.exe V5.06 update 7 (build 960)
Linker/Locator:  ArmLink.exe V5.06 update 7 (build 960)
Library Manager: ArmAr.exe V5.06 update 7 (build 960)
Hex Converter:   FromElf.exe V5.06 update 7 (build 960)
CPU DLL:         SARMCM3.DLL V5.39.0.0
Dialog DLL:      DARMSTM.DLL V1.69.1.0
Target DLL:      STLink\ST-LINKIII-KEIL_SWO.dll V3.2.0.0
Dialog DLL:      TARMSTM.DLL V1.67.1.0
 
<h2>Project:</h2>
D:\stm32，esp32智能家居\物联网demo引用的资料和用到的开发工具\物联网参考demo-设备端单片机详细代码\物联网参考demo-设备端单片机详细代码\实现过程——与视频小节对应，有助于分步学习和理解\8 加两个灯\stm32f103.uvprojx
Project File Date:  04/18/2024

<h2>Output:</h2>
*** Using Compiler 'V5.06 update 7 (build 960)', folder: 'D:\Keil_v5\ARM\ARMCompiler_506_Windows_x86_b960\Bin'
Rebuild target 'STM32F103'
assembling startup_stm32f10x_md.s...
compiling core_cm3.c...
compiling stm32f10x_it.c...
compiling system_stm32f10x.c...
compiling misc.c...
compiling stm32f10x_gpio.c...
compiling stm32f10x_rcc.c...
compiling stm32f10x_usart.c...
compiling stm32f10x_exti.c...
compiling led.c...
compiling Timer.c...
compiling dht11.c...
hardware\src\dht11.c(18): warning:  #188-D: enumerated type mixed with another type
  	DHT11_DQ_OUT(0); 	//拉低DQ
hardware\src\dht11.c(20): warning:  #188-D: enumerated type mixed with another type
  	DHT11_DQ_OUT(1); 	//DQ=1 
hardware\src\dht11.c: 2 warnings, 0 errors
compiling delay.c...
compiling usart.c...
compiling HCSR04.c...
hardware\src\HCSR04.c(27): warning:  #188-D: enumerated type mixed with another type
  	GPIO_WriteBit(GPIOB,GPIO_Pin_5,0);						//杈撳嚭浣庣數骞?
hardware\src\HCSR04.c(35): warning:  #188-D: enumerated type mixed with another type
  	GPIO_WriteBit(GPIOB,Trig,1);						//杈撳嚭楂樼數骞?
hardware\src\HCSR04.c(37): warning:  #188-D: enumerated type mixed with another type
  	GPIO_WriteBit(GPIOB,Trig,0);						//杈撳嚭浣庣數骞?
hardware\src\HCSR04.c(54): warning:  #188-D: enumerated type mixed with another type
  	GPIO_WriteBit(GPIOB,Trig,1);					//杈撳嚭楂樼數骞?
hardware\src\HCSR04.c(56): warning:  #188-D: enumerated type mixed with another type
  	GPIO_WriteBit(GPIOB,Trig,0);					//杈撳嚭浣庣數骞?
hardware\src\HCSR04.c(86): warning:  #1-D: last line of file ends without a newline
  }
hardware\src\HCSR04.c: 6 warnings, 0 errors
compiling stm32f10x_tim.c...
compiling base64.c...
compiling MqttKit.c...
compiling LightSensor.c...
compiling PWM.c...
compiling hmac_sha1.c...
compiling main.c...
.\OLED\oled.h(65): warning:  #1295-D: Deprecated declaration Picture - give arg types
  void Picture();
.\OLED\oled.h(66): warning:  #1295-D: Deprecated declaration IIC_Start - give arg types
  void IIC_Start();
.\OLED\oled.h(67): warning:  #1295-D: Deprecated declaration IIC_Stop - give arg types
  void IIC_Stop();
.\OLED\oled.h(72): warning:  #1295-D: Deprecated declaration IIC_Wait_Ack - give arg types
  void IIC_Wait_Ack();
user\main.c(238): warning:  #223-D: function "sprintf" declared implicitly
  	sprintf(buf, "%2d", temp);
user\main.c(239): warning:  #167-D: argument of type "char *" is incompatible with parameter of type "u8 *"
  	OLED_ShowString(50,0,buf,16);//娓╁害鍊?
user\main.c(242): warning:  #167-D: argument of type "char *" is incompatible with parameter of type "u8 *"
  	OLED_ShowString(50,2,buf,16);//婀垮害鍊?
user\main.c(252): warning:  #167-D: argument of type "char *" is incompatible with parameter of type "u8 *"
  	  OLED_ShowString(50,6,dis,16);
user\main.c(262): warning:  #167-D: argument of type "char *" is incompatible with parameter of type "u8 *"
  	  OLED_ShowString(50,6,dim,16);
user\main.c(266): warning:  #167-D: argument of type "char *" is incompatible with parameter of type "u8 *"
  	  OLED_ShowString(50,6,buf,16);
user\main.c(309): warning:  #1-D: last line of file ends without a newline
  }
user\main.c: 11 warnings, 0 errors
compiling onenet.c...
NET\onenet\src\onenet.c(562): warning:  #177-D: variable "data_ptr"  was declared but never referenced
  				char *data_ptr = NULL;
NET\onenet\src\onenet.c(548): warning:  #177-D: variable "dataPtr"  was declared but never referenced
  	char *dataPtr = NULL;
NET\onenet\src\onenet.c(549): warning:  #177-D: variable "numBuf"  was declared but never referenced
  	char numBuf[10];
NET\onenet\src\onenet.c(550): warning:  #177-D: variable "num"  was declared but never referenced
  	int num = 0;
NET\onenet\src\onenet.c: 4 warnings, 0 errors
compiling esp8266.c...
NET\device\src\esp8266.c(220): warning:  #223-D: function "OLED_ShowString" declared implicitly
  	OLED_ShowString(0,0," 1.AT...",10);
NET\device\src\esp8266.c(239): warning:  #223-D: function "OLED_Clear" declared implicitly
  	OLED_Clear();
NET\device\src\esp8266.c: 2 warnings, 0 errors
compiling cJSON.c...
NET\CJSON\cJSON.c(55): warning:  #1293-D: assignment in condition
        if (!(copy = (char*)cJSON_malloc(len))) return 0;
NET\CJSON\cJSON.c(278): warning:  #1293-D: assignment in condition
  	ptr=str;while ((token=*ptr) && ++len) {if (strchr("\"\\\b\f\n\r\t",token)) len++; else if (token<32) len+=5;ptr++;}
NET\CJSON\cJSON.c(352): warning:  #111-D: statement is unreachable
  	return p.buffer;
NET\CJSON\cJSON.c(423): warning:  #1293-D: assignment in condition
  		if (!(new_item=cJSON_New_Item())) return 0; 	/* memory fail */
NET\CJSON\cJSON.c(535): warning:  #1293-D: assignment in condition
  		if (!(new_item=cJSON_New_Item()))	return 0; /* memory fail */
NET\CJSON\cJSON.c: 5 warnings, 0 errors
compiling oled.c...
OLED\oled.h(65): warning:  #1295-D: Deprecated declaration Picture - give arg types
  void Picture();
OLED\oled.h(66): warning:  #1295-D: Deprecated declaration IIC_Start - give arg types
  void IIC_Start();
OLED\oled.h(67): warning:  #1295-D: Deprecated declaration IIC_Stop - give arg types
  void IIC_Stop();
OLED\oled.h(72): warning:  #1295-D: Deprecated declaration IIC_Wait_Ack - give arg types
  void IIC_Wait_Ack();
OLED\oled.c: 4 warnings, 0 errors
linking...
Program Size: Code=45298 RO-data=3530 RW-data=1304 ZI-data=3232  
FromELF: creating hex file...
".\output\stm32f103.axf" - 0 Error(s), 34 Warning(s).

<h2>Software Packages used:</h2>

Package Vendor: ARM
                http://www.keil.com/pack/ARM.CMSIS.5.9.0.pack
                ARM::CMSIS@5.9.0
                CMSIS (Common Microcontroller Software Interface Standard)
   * Component: CORE Version: 5.6.0

Package Vendor: Keil
                https://www.keil.com/pack/Keil.STM32F1xx_DFP.2.4.1.pack
                Keil::STM32F1xx_DFP@2.4.1
                STMicroelectronics STM32F1 Series Device Support, Drivers and Examples

<h2>Collection of Component include folders:</h2>
  ./RTE/_STM32F103
  D:/Keil_v5/ARM/CMSIS/5.9.0/CMSIS/Core/Include
  D:/Keil_v5/Keil/STM32F1xx_DFP/2.4.1/Device/Include

<h2>Collection of Component Files used:</h2>

   * Component: ARM::CMSIS:CORE@5.6.0
Build Time Elapsed:  00:00:04
</pre>
</body>
</html>
