Component: ARM Compiler 5.06 update 7 (build 960) Tool: armlink [4d3601]

==============================================================================

Section Cross References

    stm32f10x_it.o(.text) refers to usart.o(.text) for UsartPrintf
    system_stm32f10x.o(.text) refers to system_stm32f10x.o(.data) for SystemCoreClock
    startup_stm32f10x_md.o(STACK) refers (Special) to heapauxi.o(.text) for __use_two_region_memory
    startup_stm32f10x_md.o(HEAP) refers (Special) to heapauxi.o(.text) for __use_two_region_memory
    startup_stm32f10x_md.o(RESET) refers (Special) to heapauxi.o(.text) for __use_two_region_memory
    startup_stm32f10x_md.o(RESET) refers to startup_stm32f10x_md.o(STACK) for __initial_sp
    startup_stm32f10x_md.o(RESET) refers to startup_stm32f10x_md.o(.text) for Reset_Handler
    startup_stm32f10x_md.o(RESET) refers to stm32f10x_it.o(.text) for NMI_Handler
    startup_stm32f10x_md.o(RESET) refers to hcsr04.o(.text) for TIM3_IRQHandler
    startup_stm32f10x_md.o(RESET) refers to usart.o(.text) for USART1_IRQHandler
    startup_stm32f10x_md.o(RESET) refers to esp8266.o(.text) for USART2_IRQHandler
    startup_stm32f10x_md.o(.text) refers (Special) to heapauxi.o(.text) for __use_two_region_memory
    startup_stm32f10x_md.o(.text) refers to system_stm32f10x.o(.text) for SystemInit
    startup_stm32f10x_md.o(.text) refers to __main.o(!!!main) for __main
    startup_stm32f10x_md.o(.text) refers to startup_stm32f10x_md.o(HEAP) for Heap_Mem
    startup_stm32f10x_md.o(.text) refers to startup_stm32f10x_md.o(STACK) for Stack_Mem
    stm32f10x_gpio.o(.text) refers to stm32f10x_rcc.o(.text) for RCC_APB2PeriphResetCmd
    stm32f10x_rcc.o(.text) refers to stm32f10x_rcc.o(.data) for APBAHBPrescTable
    stm32f10x_usart.o(.text) refers to stm32f10x_rcc.o(.text) for RCC_APB2PeriphResetCmd
    stm32f10x_tim.o(.text) refers to stm32f10x_rcc.o(.text) for RCC_APB2PeriphResetCmd
    delay.o(.text) refers to delay.o(.data) for UsCount
    usart.o(.text) refers to stm32f10x_rcc.o(.text) for RCC_APB2PeriphClockCmd
    usart.o(.text) refers to stm32f10x_gpio.o(.text) for GPIO_Init
    usart.o(.text) refers to stm32f10x_usart.o(.text) for USART_Init
    usart.o(.text) refers to misc.o(.text) for NVIC_Init
    usart.o(.text) refers to vsnprintf.o(.text) for vsnprintf
    led.o(.text) refers to stm32f10x_gpio.o(.text) for GPIO_WriteBit
    led.o(.text) refers to stm32f10x_rcc.o(.text) for RCC_APB2PeriphClockCmd
    led.o(.text) refers to led.o(.data) for led_info
    dht11.o(.text) refers to stm32f10x_gpio.o(.text) for GPIO_WriteBit
    dht11.o(.text) refers to delay.o(.text) for DelayXms
    dht11.o(.text) refers to stm32f10x_rcc.o(.text) for RCC_APB2PeriphClockCmd
    timer.o(.text) refers to stm32f10x_rcc.o(.text) for RCC_APB1PeriphClockCmd
    timer.o(.text) refers to stm32f10x_tim.o(.text) for TIM_InternalClockConfig
    timer.o(.text) refers to misc.o(.text) for NVIC_PriorityGroupConfig
    hcsr04.o(.text) refers to stm32f10x_rcc.o(.text) for RCC_APB2PeriphClockCmd
    hcsr04.o(.text) refers to stm32f10x_gpio.o(.text) for GPIO_Init
    hcsr04.o(.text) refers to delay.o(.text) for DelayUs
    hcsr04.o(.text) refers to lludivv7m.o(.text) for __aeabi_uldivmod
    hcsr04.o(.text) refers to fflt_clz.o(x$fpl$ffltu) for __aeabi_ui2f
    hcsr04.o(.text) refers to stm32f10x_tim.o(.text) for TIM_GetITStatus
    hcsr04.o(.text) refers to hcsr04.o(.data) for time
    pwm.o(.text) refers to stm32f10x_rcc.o(.text) for RCC_APB1PeriphClockCmd
    pwm.o(.text) refers to stm32f10x_gpio.o(.text) for GPIO_Init
    pwm.o(.text) refers to stm32f10x_tim.o(.text) for TIM_InternalClockConfig
    pwm.o(.text) refers to pwm.o(.data) for yled_info
    lightsensor.o(.text) refers to stm32f10x_rcc.o(.text) for RCC_APB2PeriphClockCmd
    lightsensor.o(.text) refers to stm32f10x_gpio.o(.text) for GPIO_Init
    beep.o(.text) refers to stm32f10x_gpio.o(.text) for GPIO_WriteBit
    beep.o(.text) refers to stm32f10x_rcc.o(.text) for RCC_APB2PeriphClockCmd
    beep.o(.text) refers to beep.o(.data) for beep_info
    algorithm.o(.text) refers to algorithm.o(.bss) for an_x
    algorithm.o(.text) refers to algorithm.o(.constdata) for auw_hamm
    max30102.o(.text) refers to xiic.o(.text) for IIC_Start
    max30102.o(.text) refers to algorithm.o(.text) for maxim_heart_rate_and_oxygen_saturation
    max30102.o(.text) refers to fflt_clz.o(x$fpl$ffltu) for __aeabi_ui2f
    max30102.o(.text) refers to fdiv.o(x$fpl$fdiv) for __aeabi_fdiv
    max30102.o(.text) refers to fmul.o(x$fpl$fmul) for __aeabi_fmul
    max30102.o(.text) refers to ffix.o(x$fpl$ffix) for __aeabi_f2iz
    max30102.o(.text) refers to max30102.o(.data) for n_ir_buffer_length
    max30102.o(.text) refers to max30102.o(.bss) for aun_red_buffer
    xiic.o(.text) refers to stm32f10x_rcc.o(.text) for RCC_APB2PeriphClockCmd
    xiic.o(.text) refers to stm32f10x_gpio.o(.text) for GPIO_Init
    xiic.o(.text) refers to delay.o(.text) for DelayUs
[...]
    RCC_ClearITPendingBit                    0x08000d83   Thumb Code     6  stm32f10x_rcc.o(.text)
    USART_DeInit                             0x08000dad   Thumb Code   134  stm32f10x_usart.o(.text)
    USART_Init                               0x08000e33   Thumb Code   210  stm32f10x_usart.o(.text)
    USART_StructInit                         0x08000f05   Thumb Code    24  stm32f10x_usart.o(.text)
    USART_ClockInit                          0x08000f1d   Thumb Code    34  stm32f10x_usart.o(.text)
    USART_ClockStructInit                    0x08000f3f   Thumb Code    12  stm32f10x_usart.o(.text)
    USART_Cmd                                0x08000f4b   Thumb Code    24  stm32f10x_usart.o(.text)
    USART_ITConfig                           0x08000f63   Thumb Code    74  stm32f10x_usart.o(.text)
    USART_DMACmd                             0x08000fad   Thumb Code    18  stm32f10x_usart.o(.text)
    USART_SetAddress                         0x08000fbf   Thumb Code    18  stm32f10x_usart.o(.text)
    USART_WakeUpConfig                       0x08000fd1   Thumb Code    18  stm32f10x_usart.o(.text)
    USART_ReceiverWakeUpCmd                  0x08000fe3   Thumb Code    24  stm32f10x_usart.o(.text)
    USART_LINBreakDetectLengthConfig         0x08000ffb   Thumb Code    18  stm32f10x_usart.o(.text)
    USART_LINCmd                             0x0800100d   Thumb Code    24  stm32f10x_usart.o(.text)
    USART_SendData                           0x08001025   Thumb Code     8  stm32f10x_usart.o(.text)
    USART_ReceiveData                        0x0800102d   Thumb Code    10  stm32f10x_usart.o(.text)
    USART_SendBreak                          0x08001037   Thumb Code    10  stm32f10x_usart.o(.text)
    USART_SetGuardTime                       0x08001041   Thumb Code    16  stm32f10x_usart.o(.text)
    USART_SetPrescaler                       0x08001051   Thumb Code    16  stm32f10x_usart.o(.text)
    USART_SmartCardCmd                       0x08001061   Thumb Code    24  stm32f10x_usart.o(.text)
    USART_SmartCardNACKCmd                   0x08001079   Thumb Code    24  stm32f10x_usart.o(.text)
    USART_HalfDuplexCmd                      0x08001091   Thumb Code    24  stm32f10x_usart.o(.text)
    USART_OverSampling8Cmd                   0x080010a9   Thumb Code    22  stm32f10x_usart.o(.text)
    USART_OneBitMethodCmd                    0x080010bf   Thumb Code    24  stm32f10x_usart.o(.text)
    USART_IrDAConfig                         0x080010d7   Thumb Code    18  stm32f10x_usart.o(.text)
    USART_IrDACmd                            0x080010e9   Thumb Code    24  stm32f10x_usart.o(.text)
    USART_GetFlagStatus                      0x08001101   Thumb Code    26  stm32f10x_usart.o(.text)
    USART_ClearFlag                          0x0800111b   Thumb Code    18  stm32f10x_usart.o(.text)
    USART_GetITStatus                        0x0800112d   Thumb Code    84  stm32f10x_usart.o(.text)
    USART_ClearITPendingBit                  0x08001181   Thumb Code    52  stm32f10x_usart.o(.text)
    TIM_DeInit                               0x080011b5   Thumb Code   424  stm32f10x_tim.o(.text)
    TIM_TimeBaseInit                         0x0800135d   Thumb Code   122  stm32f10x_tim.o(.text)
    TIM_OC1Init                              0x080013d7   Thumb Code   132  stm32f10x_tim.o(.text)
    TIM_OC2Init                              0x0800145b   Thumb Code   154  stm32f10x_tim.o(.text)
    TIM_OC3Init                              0x080014f5   Thumb Code   150  stm32f10x_tim.o(.text)
    TIM_OC4Init                              0x0800158b   Thumb Code   182  stm32f10x_tim.o(.text)
    TIM_SetIC4Prescaler                      0x08001641   Thumb Code    26  stm32f10x_tim.o(.text)
    TIM_SetIC3Prescaler                      0x080016dd   Thumb Code    18  stm32f10x_tim.o(.text)
    TIM_SetIC2Prescaler                      0x08001769   Thumb Code    26  stm32f10x_tim.o(.text)
    TIM_SetIC1Prescaler                      0x08001805   Thumb Code    18  stm32f10x_tim.o(.text)
    TIM_ICInit                               0x08001883   Thumb Code   150  stm32f10x_tim.o(.text)
    TIM_PWMIConfig                           0x08001919   Thumb Code   124  stm32f10x_tim.o(.text)
    TIM_BDTRConfig                           0x08001995   Thumb Code    32  stm32f10x_tim.o(.text)
    TIM_TimeBaseStructInit                   0x080019b5   Thumb Code    18  stm32f10x_tim.o(.text)
    TIM_OCStructInit                         0x080019c7   Thumb Code    20  stm32f10x_tim.o(.text)
    TIM_ICStructInit                         0x080019db   Thumb Code    18  stm32f10x_tim.o(.text)
    TIM_BDTRStructInit                       0x080019ed   Thumb Code    40  stm32f10x_tim.o(.text)
    TIM_Cmd                                  0x08001a15   Thumb Code    24  stm32f10x_tim.o(.text)
    TIM_CtrlPWMOutputs                       0x08001a2d   Thumb Code    30  stm32f10x_tim.o(.text)
    TIM_ITConfig                             0x08001a4b   Thumb Code    18  stm32f10x_tim.o(.text)
    TIM_GenerateEvent                        0x08001a5d   Thumb Code     4  stm32f10x_tim.o(.text)
    TIM_DMAConfig                            0x08001a61   Thumb Code    10  stm32f10x_tim.o(.text)
    TIM_DMACmd                               0x08001a6b   Thumb Code    18  stm32f10x_tim.o(.text)
    TIM_InternalClockConfig                  0x08001a7d   Thumb Code    12  stm32f10x_tim.o(.text)
    TIM_SelectInputTrigger                   0x08001a89   Thumb Code    18  stm32f10x_tim.o(.text)
    TIM_ITRxExternalClockConfig              0x08001a9b   Thumb Code    24  stm32f10x_tim.o(.text)
    TIM_TIxExternalClockConfig               0x08001ab3   Thumb Code    62  stm32f10x_tim.o(.text)
    TIM_ETRConfig                            0x08001af1   Thumb Code    28  stm32f10x_tim.o(.text)
    TIM_ETRClockMode1Config                  0x08001b0d   Thumb Code    54  stm32f10x_tim.o(.text)
    TIM_ETRClockMode2Config                  0x08001b43   Thumb Code    32  stm32f10x_tim.o(.text)
    TIM_PrescalerConfig                      0x08001b63   Thumb Code     6  stm32f10x_tim.o(.text)
    TIM_CounterModeConfig                    0x08001b69   Thumb Code    18  stm32f10x_tim.o(.text)
    TIM_EncoderInterfaceConfig               0x08001b7b   Thumb Code    66  stm32f10x_tim.o(.text)
    TIM_ForcedOC1Config                      0x08001bbd   Thumb Code    18  stm32f10x_tim.o(.text)
    TIM_ForcedOC2Config                      0x08001bcf   Thumb Code    26  stm32f10x_tim.o(.text)
    TIM_ForcedOC3Config                      0x08001be9   Thumb Code    18  stm32f10x_tim.o(.text)
    TIM_ForcedOC4Config                      0x08001bfb   Thumb Code    26  stm32f10x_tim.o(.text)
    TIM_ARRPreloadConfig                     0x08001c15   Thumb Code    24  stm32f10x_tim.o(.text)
    TIM_SelectCOM                            0x08001c2d   Thumb Code    24  stm32f10x_tim.o(.text)
    TIM_SelectCCDMA                          0x08001c45   Thumb Code    24  stm32f10x_tim.o(.text)
    TIM_CCPreloadControl                     0x08001c5d   Thumb Code    24  stm32f10x_tim.o(.text)
    TIM_OC1PreloadConfig                     0x08001c75   Thumb Code    18  stm32f10x_tim.o(.text)
    TIM_OC2PreloadConfig                     0x08001c87   Thumb Code    26  stm32f10x_tim.o(.text)
    TIM_OC3PreloadConfig                     0x08001ca1   Thumb Code    18  stm32f10x_tim.o(.text)
    TIM_OC4PreloadConfig                     0x08001cb3   Thumb Code    26  stm32f10x_tim.o(.text)
    TIM_OC1FastConfig                        0x08001ccd   Thumb Code    18  stm32f10x_tim.o(.text)
    TIM_OC2FastConfig                        0x08001cdf   Thumb Code    26  stm32f10x_tim.o(.text)
    TIM_OC3FastConfig                        0x08001cf9   Thumb Code    18  stm32f10x_tim.o(.text)
    TIM_OC4FastConfig                        0x08001d0b   Thumb Code    26  stm32f10x_tim.o(.text)
    TIM_ClearOC1Ref                          0x08001d25   Thumb Code    18  stm32f10x_tim.o(.text)
    TIM_ClearOC2Ref                          0x08001d37   Thumb Code    24  stm32f10x_tim.o(.text)
    TIM_ClearOC3Ref                          0x08001d4f   Thumb Code    18  stm32f10x_tim.o(.text)
    TIM_ClearOC4Ref                          0x08001d61   Thumb Code    24  stm32f10x_tim.o(.text)
    TIM_OC1PolarityConfig                    0x08001d79   Thumb Code    18  stm32f10x_tim.o(.text)
    TIM_OC1NPolarityConfig                   0x08001d8b   Thumb Code    18  stm32f10x_tim.o(.text)
    TIM_OC2PolarityConfig                    0x08001d9d   Thumb Code    26  stm32f10x_tim.o(.text)
    TIM_OC2NPolarityConfig                   0x08001db7   Thumb Code    26  stm32f10x_tim.o(.text)
    TIM_OC3PolarityConfig                    0x08001dd1   Thumb Code    26  stm32f10x_tim.o(.text)
    TIM_OC3NPolarityConfig                   0x08001deb   Thumb Code    26  stm32f10x_tim.o(.text)
    TIM_OC4PolarityConfig                    0x08001e05   Thumb Code    26  stm32f10x_tim.o(.text)
    TIM_CCxCmd                               0x08001e1f   Thumb Code    30  stm32f10x_tim.o(.text)
    TIM_CCxNCmd                              0x08001e3d   Thumb Code    30  stm32f10x_tim.o(.text)
    TIM_SelectOCxM                           0x08001e5b   Thumb Code    82  stm32f10x_tim.o(.text)
    TIM_UpdateDisableConfig                  0x08001ead   Thumb Code    24  stm32f10x_tim.o(.text)
    TIM_UpdateRequestConfig                  0x08001ec5   Thumb Code    24  stm32f10x_tim.o(.text)
    TIM_SelectHallSensor                     0x08001edd   Thumb Code    24  stm32f10x_tim.o(.text)
    TIM_SelectOnePulseMode                   0x08001ef5   Thumb Code    18  stm32f10x_tim.o(.text)
    TIM_SelectOutputTrigger                  0x08001f07   Thumb Code    18  stm32f10x_tim.o(.text)
    TIM_SelectSlaveMode                      0x08001f19   Thumb Code    18  stm32f10x_tim.o(.text)
    TIM_SelectMasterSlaveMode                0x08001f2b   Thumb Code    18  stm32f10x_tim.o(.text)
    TIM_SetCounter                           0x08001f3d   Thumb Code     4  stm32f10x_tim.o(.text)
    TIM_SetAutoreload                        0x08001f41   Thumb Code     4  stm32f10x_tim.o(.text)
    TIM_SetCompare1                          0x08001f45   Thumb Code     4  stm32f10x_tim.o(.text)
    TIM_SetCompare2                          0x08001f49   Thumb Code     4  stm32f10x_tim.o(.text)
    TIM_SetCompare3                          0x08001f4d   Thumb Code     4  stm32f10x_tim.o(.text)
    TIM_SetCompare4                          0x08001f51   Thumb Code     6  stm32f10x_tim.o(.text)
    TIM_SetClockDivision                     0x08001f57   Thumb Code    18  stm32f10x_tim.o(.text)
    TIM_GetCapture1                          0x08001f69   Thumb Code     6  stm32f10x_tim.o(.text)
    TIM_GetCapture2                          0x08001f6f   Thumb Code     6  stm32f10x_tim.o(.text)
    TIM_GetCapture3                          0x08001f75   Thumb Code     6  stm32f10x_tim.o(.text)
    TIM_GetCapture4                          0x08001f7b   Thumb Code     8  stm32f10x_tim.o(.text)
    TIM_GetCounter                           0x08001f83   Thumb Code     6  stm32f10x_tim.o(.text)
    TIM_GetPrescaler                         0x08001f89   Thumb Code     6  stm32f10x_tim.o(.text)
    TIM_GetFlagStatus                        0x08001f8f   Thumb Code    18  stm32f10x_tim.o(.text)
    TIM_ClearFlag                            0x08001fa1   Thumb Code     6  stm32f10x_tim.o(.text)
    TIM_GetITStatus                          0x08001fa7   Thumb Code    34  stm32f10x_tim.o(.text)
    TIM_ClearITPendingBit                    0x08001fc9   Thumb Code     6  stm32f10x_tim.o(.text)
    Delay_Init                               0x08001fd1   Thumb Code    48  delay.o(.text)
    DelayUs                                  0x08002001   Thumb Code    60  delay.o(.text)
    DelayXms                                 0x0800203d   Thumb Code    66  delay.o(.text)
    DelayMs                                  0x0800207f   Thumb Code    60  delay.o(.text)
    Usart1_Init                              0x080020c5   Thumb Code   166  usart.o(.text)
    Usart2_Init                              0x0800216b   Thumb Code   162  usart.o(.text)
    Usart_SendString                         0x0800220d   Thumb Code    50  usart.o(.text)
    UsartPrintf                              0x0800223f   Thumb Code    72  usart.o(.text)
    USART1_IRQHandler                        0x08002287   Thumb Code    24  usart.o(.text)
    Led_Set                                  0x080022ad   Thumb Code    24  led.o(.text)
    Led_Init                                 0x080022c5   Thumb Code    44  led.o(.text)
    DHT11_Rst                                0x080022f9   Thumb Code    58  dht11.o(.text)
    DHT11_Check                              0x08002333   Thumb Code   100  dht11.o(.text)
    DHT11_Read_Bit                           0x08002397   Thumb Code    82  dht11.o(.text)
    DHT11_Read_Byte                          0x080023e9   Thumb Code    30  dht11.o(.text)
    DHT11_Read_Data                          0x08002407   Thumb Code    88  dht11.o(.text)
    DHT11_Init                               0x0800245f   Thumb Code    54  dht11.o(.text)
    Timer_Init                               0x08002499   Thumb Code   116  timer.o(.text)
    HC_SR04_Init                             0x08002511   Thumb Code    74  hcsr04.o(.text)
    HCSR04_Read_Data                         0x0800255b   Thumb Code   150  hcsr04.o(.text)
    sonar                                    0x080025f1   Thumb Code   164  hcsr04.o(.text)
    TIM3_IRQHandler                          0x08002695   Thumb Code    42  hcsr04.o(.text)
    numlen                                   0x080026bf   Thumb Code    24  hcsr04.o(.text)
    PWM_Init                                 0x080026e9   Thumb Code   214  pwm.o(.text)
    YLed_Set                                 0x080027bf   Thumb Code    32  pwm.o(.text)
    WLed_Set                                 0x080027df   Thumb Code    34  pwm.o(.text)
    LightSensor_Init                         0x08002811   Thumb Code    40  lightsensor.o(.text)
    LightSensor_Get                          0x08002839   Thumb Code    14  lightsensor.o(.text)
    Beep_Set                                 0x0800284d   Thumb Code    20  beep.o(.text)
    Beep_Init                                0x08002861   Thumb Code    60  beep.o(.text)
    maxim_sort_ascend                        0x080028a9   Thumb Code    54  algorithm.o(.text)
    maxim_sort_indices_descend               0x080028df   Thumb Code    64  algorithm.o(.text)
    maxim_remove_close_peaks                 0x0800291f   Thumb Code   114  algorithm.o(.text)
    maxim_peaks_above_min_height             0x08002991   Thumb Code   122  algorithm.o(.text)
    maxim_find_peaks                         0x08002a0b   Thumb Code    66  algorithm.o(.text)
    maxim_heart_rate_and_oxygen_saturation   0x08002a4d   Thumb Code  1272  algorithm.o(.text)
    max30102_Bus_Write                       0x08002f4d   Thumb Code    68  max30102.o(.text)
    max30102_Bus_Read                        0x08002f91   Thumb Code    82  max30102.o(.text)
    max30102_FIFO_ReadWords                  0x08002fe3   Thumb Code   168  max30102.o(.text)
    max30102_FIFO_ReadBytes                  0x0800308b   Thumb Code   128  max30102.o(.text)
    max30102_reset                           0x0800310b   Thumb Code    20  max30102.o(.text)
    max30102_init                            0x0800311f   Thumb Code   270  max30102.o(.text)
    maxim_max30102_write_reg                 0x0800322d   Thumb Code    18  max30102.o(.text)
    maxim_max30102_read_reg                  0x0800323f   Thumb Code    18  max30102.o(.text)
    maxim_max30102_read_fifo                 0x08003251   Thumb Code   124  max30102.o(.text)
    max30102_Read_Data                       0x080032cd   Thumb Code   490  max30102.o(.text)
    IIC_Init                                 0x080034e5   Thumb Code    96  xiic.o(.text)
    SDA_IN                                   0x08003545   Thumb Code    34  xiic.o(.text)
    SDA_OUT                                  0x08003567   Thumb Code    50  xiic.o(.text)
    IIC_Start                                0x08003599   Thumb Code    46  xiic.o(.text)
    IIC_Stop                                 0x080035c7   Thumb Code    48  xiic.o(.text)
    IIC_Wait_Ack                             0x080035f7   Thumb Code    68  xiic.o(.text)
    IIC_Ack                                  0x0800363b   Thumb Code    52  xiic.o(.text)
    IIC_NAck                                 0x0800366f   Thumb Code    52  xiic.o(.text)
    IIC_Send_Byte                            0x080036a3   Thumb Code    74  xiic.o(.text)
    IIC_Read_Byte                            0x080036ed   Thumb Code    82  xiic.o(.text)
    IIC_WriteBytes                           0x0800373f   Thumb Code    60  xiic.o(.text)
    IIC_ReadBytes                            0x0800377b   Thumb Code    94  xiic.o(.text)
    IIC_Read_One_Byte                        0x080037d9   Thumb Code    62  xiic.o(.text)
    IIC_Write_One_Byte                       0x08003817   Thumb Code    54  xiic.o(.text)
    Refresh_Data                             0x08003859   Thumb Code    52  main.o(.text)
    Display_Init                             0x0800388d   Thumb Code   158  main.o(.text)
    Hardware_Init                            0x0800392b   Thumb Code   110  main.o(.text)
    main                                     0x08003999   Thumb Code   446  main.o(.text)
    OneNET_RegisterDevice                    0x08003e5b   Thumb Code   216  onenet.o(.text)
    OneNet_DevLink                           0x08003f33   Thumb Code   242  onenet.o(.text)
    OneNet_FillBuf                           0x08004025   Thumb Code  1056  onenet.o(.text)
    OneNet_SendData                          0x08004445   Thumb Code   134  onenet.o(.text)
    OneNET_Publish                           0x080044cb   Thumb Code    86  onenet.o(.text)
    OneNET_Subscribe                         0x08004521   Thumb Code    86  onenet.o(.text)
    OneNet_RevPro                            0x08004577   Thumb Code   324  onenet.o(.text)
    ft                                       0x08004875   Thumb Code    76  hmac_sha1.o(.text)
    k                                        0x080048c1   Thumb Code    34  hmac_sha1.o(.text)
    rotr                                     0x080048e3   Thumb Code    40  hmac_sha1.o(.text)
    rotl                                     0x0800490b   Thumb Code    46  hmac_sha1.o(.text)
    sha1                                     0x08004939   Thumb Code   632  hmac_sha1.o(.text)
    hmac_sha1                                0x08004bb1   Thumb Code   330  hmac_sha1.o(.text)
    BASE64_Encode                            0x08004cfd   Thumb Code   320  base64.o(.text)
    BASE64_Decode                            0x08004e3d   Thumb Code   360  base64.o(.text)
    MQTT_NewBuffer                           0x08004fad   Thumb Code    88  mqttkit.o(.text)
    MQTT_DeleteBuffer                        0x08005005   Thumb Code    28  mqttkit.o(.text)
    MQTT_DumpLength                          0x08005021   Thumb Code    46  mqttkit.o(.text)
    MQTT_ReadLength                          0x0800504f   Thumb Code    70  mqttkit.o(.text)
    MQTT_UnPacketRecv                        0x08005095   Thumb Code   106  mqttkit.o(.text)
    MQTT_PacketConnect                       0x080050ff   Thumb Code   666  mqttkit.o(.text)
    MQTT_PacketDisConnect                    0x08005399   Thumb Code    48  mqttkit.o(.text)
    MQTT_UnPacketConnectAck                  0x080053c9   Thumb Code    30  mqttkit.o(.text)
    MQTT_PacketPublish                       0x080053e7   Thumb Code   452  mqttkit.o(.text)
    MQTT_PacketSaveData                      0x080055ab   Thumb Code    68  mqttkit.o(.text)
    MQTT_PacketSaveBinData                   0x080055ef   Thumb Code   192  mqttkit.o(.text)
    MQTT_UnPacketCmd                         0x080056af   Thumb Code   140  mqttkit.o(.text)
    MQTT_PacketCmdResp                       0x0800573b   Thumb Code   132  mqttkit.o(.text)
    MQTT_PacketSubscribe                     0x080057bf   Thumb Code   254  mqttkit.o(.text)
    MQTT_UnPacketSubscribe                   0x080058bd   Thumb Code    52  mqttkit.o(.text)
    MQTT_PacketUnSubscribe                   0x080058f1   Thumb Code   300  mqttkit.o(.text)
    MQTT_UnPacketUnSubscribe                 0x08005a1d   Thumb Code    18  mqttkit.o(.text)
    MQTT_UnPacketPublish                     0x08005a2f   Thumb Code   440  mqttkit.o(.text)
    MQTT_PacketPublishAck                    0x08005be7   Thumb Code    72  mqttkit.o(.text)
    MQTT_UnPacketPublishAck                  0x08005c2f   Thumb Code    30  mqttkit.o(.text)
    MQTT_PacketPublishRec                    0x08005c4d   Thumb Code    72  mqttkit.o(.text)
    MQTT_UnPacketPublishRec                  0x08005c95   Thumb Code    30  mqttkit.o(.text)
    MQTT_PacketPublishRel                    0x08005cb3   Thumb Code    72  mqttkit.o(.text)
    MQTT_UnPacketPublishRel                  0x08005cfb   Thumb Code    36  mqttkit.o(.text)
    MQTT_PacketPublishComp                   0x08005d1f   Thumb Code    72  mqttkit.o(.text)
    MQTT_UnPacketPublishComp                 0x08005d67   Thumb Code    30  mqttkit.o(.text)
    MQTT_PacketPing                          0x08005d85   Thumb Code    48  mqttkit.o(.text)
    ESP8266_Clear                            0x08005db5   Thumb Code    20  esp8266.o(.text)
    ESP8266_WaitRecive                       0x08005dc9   Thumb Code    42  esp8266.o(.text)
    ESP8266_SendCmd                          0x08005df3   Thumb Code    76  esp8266.o(.text)
    ESP8266_SendData                         0x08005e3f   Thumb Code    46  esp8266.o(.text)
    ESP8266_GetIPD                           0x08005e6d   Thumb Code    68  esp8266.o(.text)
    ESP8266_Init                             0x08005eb1   Thumb Code   166  esp8266.o(.text)
    USART2_IRQHandler                        0x08005f57   Thumb Code    64  esp8266.o(.text)
    cJSON_GetErrorPtr                        0x0800605d   Thumb Code     6  cjson.o(.text)
    cJSON_InitHooks                          0x080060d7   Thumb Code    48  cjson.o(.text)
    cJSON_Delete                             0x08006121   Thumb Code    82  cjson.o(.text)
    cJSON_ParseWithOpts                      0x08006c8d   Thumb Code   152  cjson.o(.text)
    cJSON_Parse                              0x08006d25   Thumb Code    16  cjson.o(.text)
    cJSON_Print                              0x080074b5   Thumb Code    18  cjson.o(.text)
    cJSON_PrintUnformatted                   0x080074c7   Thumb Code    18  cjson.o(.text)
    cJSON_PrintBuffered                      0x080074d9   Thumb Code    52  cjson.o(.text)
    cJSON_GetArraySize                       0x0800750d   Thumb Code    18  cjson.o(.text)
    cJSON_GetArrayItem                       0x0800751f   Thumb Code    18  cjson.o(.text)
    cJSON_GetObjectItem                      0x08007531   Thumb Code    30  cjson.o(.text)
    cJSON_AddItemToArray                     0x08007585   Thumb Code    42  cjson.o(.text)
    cJSON_AddItemToObject                    0x080075af   Thumb Code    44  cjson.o(.text)
    cJSON_AddItemToObjectCS                  0x080075db   Thumb Code    54  cjson.o(.text)
    cJSON_AddItemReferenceToArray            0x08007611   Thumb Code    24  cjson.o(.text)
    cJSON_AddItemReferenceToObject           0x08007629   Thumb Code    32  cjson.o(.text)
    cJSON_DetachItemFromArray                0x08007649   Thumb Code    66  cjson.o(.text)
    cJSON_DeleteItemFromArray                0x0800768b   Thumb Code    22  cjson.o(.text)
    cJSON_DetachItemFromObject               0x080076a1   Thumb Code    50  cjson.o(.text)
    cJSON_DeleteItemFromObject               0x080076d3   Thumb Code    22  cjson.o(.text)
    cJSON_InsertItemInArray                  0x080076e9   Thumb Code    64  cjson.o(.text)
    cJSON_ReplaceItemInArray                 0x08007729   Thumb Code    76  cjson.o(.text)
    cJSON_ReplaceItemInObject                0x08007775   Thumb Code    62  cjson.o(.text)
    cJSON_CreateNull                         0x080077b3   Thumb Code    18  cjson.o(.text)
    cJSON_CreateTrue                         0x080077c5   Thumb Code    18  cjson.o(.text)
    cJSON_CreateFalse                        0x080077d7   Thumb Code    18  cjson.o(.text)
    cJSON_CreateBool                         0x080077e9   Thumb Code    26  cjson.o(.text)
    cJSON_CreateNumber                       0x08007803   Thumb Code    36  cjson.o(.text)
    cJSON_CreateString                       0x08007827   Thumb Code    28  cjson.o(.text)
    cJSON_CreateArray                        0x08007843   Thumb Code    18  cjson.o(.text)
    cJSON_CreateObject                       0x08007855   Thumb Code    18  cjson.o(.text)
    cJSON_CreateIntArray                     0x08007867   Thumb Code    68  cjson.o(.text)
    cJSON_CreateFloatArray                   0x080078ab   Thumb Code    68  cjson.o(.text)
    cJSON_CreateDoubleArray                  0x080078ef   Thumb Code    68  cjson.o(.text)
    cJSON_CreateStringArray                  0x08007933   Thumb Code    62  cjson.o(.text)
    cJSON_Duplicate                          0x08007971   Thumb Code   178  cjson.o(.text)
    cJSON_Minify                             0x08007a23   Thumb Code   186  cjson.o(.text)
    OLED_I2C_Start                           0x08007add   Thumb Code    36  oled.o(.text)
    OLED_I2C_Stop                            0x08007b01   Thumb Code    28  oled.o(.text)
    OLED_IIC_Wait_Ack                        0x08007b1d   Thumb Code    20  oled.o(.text)
    Write_IIC_Byte                           0x08007b31   Thumb Code    80  oled.o(.text)
    Write_IIC_Command                        0x08007b81   Thumb Code    44  oled.o(.text)
    Write_IIC_Data                           0x08007bad   Thumb Code    44  oled.o(.text)
    OLED_WR_Byte                             0x08007bd9   Thumb Code    24  oled.o(.text)
    fill_picture                             0x08007bf1   Thumb Code    64  oled.o(.text)
    Delay_50ms                               0x08007c31   Thumb Code    22  oled.o(.text)
    Delay_1ms                                0x08007c47   Thumb Code    26  oled.o(.text)
    OLED_Set_Pos                             0x08007c61   Thumb Code    40  oled.o(.text)
    OLED_Display_On                          0x08007c89   Thumb Code    28  oled.o(.text)
    OLED_Display_Off                         0x08007ca5   Thumb Code    28  oled.o(.text)
    OLED_Clear                               0x08007cc1   Thumb Code    62  oled.o(.text)
    OLED_On                                  0x08007cff   Thumb Code    62  oled.o(.text)
    OLED_ShowChar                            0x08007d3d   Thumb Code   154  oled.o(.text)
    oled_pow                                 0x08007dd7   Thumb Code    22  oled.o(.text)
    OLED_ShowNum                             0x08007ded   Thumb Code   136  oled.o(.text)
    OLED_ShowString                          0x08007e75   Thumb Code    58  oled.o(.text)
    OLED_ShowCHinese                         0x08007eaf   Thumb Code   112  oled.o(.text)
    OLED_DrawBMP                             0x08007f1f   Thumb Code   118  oled.o(.text)
    OLED_Init                                0x08007f95   Thumb Code   274  oled.o(.text)
    OLED_PartClear                           0x080080a7   Thumb Code    70  oled.o(.text)
    malloc                                   0x080080f5   Thumb Code    94  h1_alloc.o(.text)
    free                                     0x08008153   Thumb Code    78  h1_free.o(.text)
    __aeabi_uldivmod                         0x080081a1   Thumb Code     0  lludivv7m.o(.text)
    _ll_udiv                                 0x080081a1   Thumb Code   238  lludivv7m.o(.text)
    tolower                                  0x0800828f   Thumb Code    26  tolower.o(.text)
    vsnprintf                                0x080082a9   Thumb Code    48  vsnprintf.o(.text)
    __2sprintf                               0x080082dd   Thumb Code    38  __2sprintf.o(.text)
    __2snprintf                              0x08008309   Thumb Code    50  __2snprintf.o(.text)
    _printf_pre_padding                      0x08008341   Thumb Code    44  _printf_pad.o(.text)
    _printf_post_padding                     0x0800836d   Thumb Code    34  _printf_pad.o(.text)
    _printf_str                              0x0800838f   Thumb Code    82  _printf_str.o(.text)
    _printf_int_dec                          0x080083e1   Thumb Code   104  _printf_dec.o(.text)
    _printf_longlong_hex                     0x08008459   Thumb Code    86  _printf_hex_int_ll_ptr.o(.text)
    _printf_int_hex                          0x080084af   Thumb Code    28  _printf_hex_int_ll_ptr.o(.text)
    _printf_ll_hex                           0x080084cb   Thumb Code    12  _printf_hex_int_ll_ptr.o(.text)
    _printf_hex_ptr                          0x080084d7   Thumb Code    18  _printf_hex_int_ll_ptr.o(.text)
    __printf                                 0x080084ed   Thumb Code   388  __printf_flags_ss_wp.o(.text)
    __0sscanf                                0x08008675   Thumb Code    52  __0sscanf.o(.text)
    _scanf_int                               0x080086b1   Thumb Code   332  _scanf_int.o(.text)
    _scanf_string                            0x080087fd   Thumb Code   224  _scanf_str.o(.text)
    strchr                                   0x080088dd   Thumb Code    20  strchr.o(.text)
    strncat                                  0x080088f1   Thumb Code    36  strncat.o(.text)
    strstr                                   0x08008915   Thumb Code    36  strstr.o(.text)
    strcpy                                   0x08008939   Thumb Code    72  strcpy.o(.text)
    strlen                                   0x08008981   Thumb Code    62  strlen.o(.text)
    strncmp                                  0x080089bf   Thumb Code   150  strncmp.o(.text)
    strcat                                   0x08008a55   Thumb Code    24  strcat.o(.text)
    __aeabi_memcpy                           0x08008a6d   Thumb Code     0  rt_memcpy_v6.o(.text)
    __rt_memcpy                              0x08008a6d   Thumb Code   138  rt_memcpy_v6.o(.text)
    _memcpy_lastbytes                        0x08008ad3   Thumb Code     0  rt_memcpy_v6.o(.text)
    __aeabi_memcpy4                          0x08008af7   Thumb Code     0  rt_memcpy_w.o(.text)
    __aeabi_memcpy8                          0x08008af7   Thumb Code     0  rt_memcpy_w.o(.text)
    __rt_memcpy_w                            0x08008af7   Thumb Code   100  rt_memcpy_w.o(.text)
    _memcpy_lastbytes_aligned                0x08008b3f   Thumb Code     0  rt_memcpy_w.o(.text)
    __aeabi_memclr                           0x08008b5b   Thumb Code     0  rt_memclr.o(.text)
    __rt_memclr                              0x08008b5b   Thumb Code    68  rt_memclr.o(.text)
    _memset                                  0x08008b5f   Thumb Code     0  rt_memclr.o(.text)
    __aeabi_memclr4                          0x08008b9f   Thumb Code     0  rt_memclr_w.o(.text)
    __aeabi_memclr8                          0x08008b9f   Thumb Code     0  rt_memclr_w.o(.text)
    __rt_memclr_w                            0x08008b9f   Thumb Code    78  rt_memclr_w.o(.text)
    _memset_w                                0x08008ba3   Thumb Code     0  rt_memclr_w.o(.text)
    __use_two_region_memory                  0x08008bed   Thumb Code     2  heapauxi.o(.text)
    __rt_heap_escrow                         0x08008bef   Thumb Code     2  heapauxi.o(.text)
    __rt_heap_expand                         0x08008bf1   Thumb Code     2  heapauxi.o(.text)
    __rt_ctype_table                         0x08008bf5   Thumb Code    16  rt_ctype_table.o(.text)
    __rt_heap_descriptor                     0x08008c05   Thumb Code     8  rt_heap_descriptor_intlibspace.o(.text)
    __use_no_heap                            0x08008c0d   Thumb Code     2  hguard.o(.text)
    __heap$guard                             0x08008c0f   Thumb Code     2  hguard.o(.text)
    _terminate_user_alloc                    0x08008c11   Thumb Code     2  init_alloc.o(.text)
    _init_user_alloc                         0x08008c13   Thumb Code     2  init_alloc.o(.text)
    __Heap_Full                              0x08008c15   Thumb Code    34  init_alloc.o(.text)
    __Heap_Broken                            0x08008c37   Thumb Code     6  init_alloc.o(.text)
    _init_alloc                              0x08008c3d   Thumb Code    94  init_alloc.o(.text)
    __Heap_Initialize                        0x08008c9b   Thumb Code    10  h1_init.o(.text)
    __Heap_DescSize                          0x08008ca5   Thumb Code     4  h1_init.o(.text)
    __read_errno                             0x08008ca9   Thumb Code    10  _rserrno.o(.text)
    __set_errno                              0x08008cb3   Thumb Code    12  _rserrno.o(.text)
    _printf_truncate_signed                  0x08008cbf   Thumb Code    18  _printf_truncate.o(.text)
    _printf_truncate_unsigned                0x08008cd1   Thumb Code    18  _printf_truncate.o(.text)
    _printf_int_common                       0x08008ce3   Thumb Code   178  _printf_intcommon.o(.text)
    _printf_charcount                        0x08008d95   Thumb Code    40  _printf_charcount.o(.text)
    __lib_sel_fp_printf                      0x08008dbd   Thumb Code     2  _printf_fp_dec.o(.text)
    _printf_fp_dec_real                      0x08008f6f   Thumb Code   620  _printf_fp_dec.o(.text)
    _printf_char_common                      0x080091e7   Thumb Code    32  _printf_char_common.o(.text)
    _sputc                                   0x0800920d   Thumb Code    10  _sputc.o(.text)
    _snputc                                  0x08009217   Thumb Code    16  _snputc.o(.text)
    _printf_cs_common                        0x08009227   Thumb Code    20  _printf_char.o(.text)
    _printf_char                             0x0800923b   Thumb Code    16  _printf_char.o(.text)
    _printf_string                           0x0800924b   Thumb Code     8  _printf_char.o(.text)
    _printf_wctomb                           0x08009255   Thumb Code   182  _printf_wctomb.o(.text)
    _printf_longlong_dec                     0x08009311   Thumb Code   108  _printf_longlong_dec.o(.text)
    _printf_longlong_oct                     0x0800938d   Thumb Code    66  _printf_oct_int_ll.o(.text)
    _printf_int_oct                          0x080093cf   Thumb Code    24  _printf_oct_int_ll.o(.text)
    _printf_ll_oct                           0x080093e7   Thumb Code    12  _printf_oct_int_ll.o(.text)
    _chval                                   0x080093fd   Thumb Code    28  _chval.o(.text)
    __vfscanf_char                           0x08009425   Thumb Code    24  scanf_char.o(.text)
    _sgetc                                   0x08009445   Thumb Code    30  _sgetc.o(.text)
    _sbackspace                              0x08009463   Thumb Code    34  _sgetc.o(.text)
    __user_libspace                          0x08009485   Thumb Code     8  libspace.o(.text)
    __user_perproc_libspace                  0x08009485   Thumb Code     0  libspace.o(.text)
    __user_perthread_libspace                0x08009485   Thumb Code     0  libspace.o(.text)
    __rt_locale                              0x0800948d   Thumb Code     8  rt_locale_intlibspace.o(.text)
    __aeabi_errno_addr                       0x08009495   Thumb Code     8  rt_errno_addr_intlibspace.o(.text)
    __errno$intlibspace                      0x08009495   Thumb Code     0  rt_errno_addr_intlibspace.o(.text)
    __rt_errno_addr$intlibspace              0x08009495   Thumb Code     0  rt_errno_addr_intlibspace.o(.text)
    __Heap_ProvideMemory                     0x0800949d   Thumb Code    52  h1_extend.o(.text)
    _ll_udiv10                               0x080094d1   Thumb Code   138  lludiv10.o(.text)
    isspace                                  0x0800955b   Thumb Code    18  isspace.o(.text)
    _printf_fp_hex_real                      0x0800956d   Thumb Code   756  _printf_fp_hex.o(.text)
    _printf_fp_infnan                        0x08009869   Thumb Code   112  _printf_fp_infnan.o(.text)
    _printf_lcs_common                       0x080098e9   Thumb Code    20  _printf_wchar.o(.text)
    _printf_wchar                            0x080098fd   Thumb Code    16  _printf_wchar.o(.text)
    _printf_wstring                          0x0800990d   Thumb Code     8  _printf_wchar.o(.text)
    __vfscanf                                0x08009915   Thumb Code   880  _scanf.o(.text)
    _btod_etento                             0x08009c89   Thumb Code   224  bigflt0.o(.text)
    _wcrtomb                                 0x08009d6d   Thumb Code    64  _wcrtomb.o(.text)
    __rt_SIGRTMEM                            0x08009dad   Thumb Code    14  defsig_rtmem_outer.o(.text)
    __I$use$semihosting                      0x08009dbb   Thumb Code     0  use_no_semi.o(.text)
    __use_no_semihosting_swi                 0x08009dbb   Thumb Code     2  use_no_semi.o(.text)
    __semihosting_library_function           0x08009dbd   Thumb Code     0  indicate_semi.o(.text)
    __user_setup_stackheap                   0x08009dbd   Thumb Code    74  sys_stackheap_outer.o(.text)
    exit                                     0x08009e07   Thumb Code    18  exit.o(.text)
    __sig_exit                               0x08009e19   Thumb Code    10  defsig_exit.o(.text)
    __rt_SIGRTMEM_inner                      0x08009e25   Thumb Code    22  defsig_rtmem_inner.o(.text)
    strcmp                                   0x08009e75   Thumb Code   128  strcmpv7m.o(.text)
    _sys_exit                                0x08009ef5   Thumb Code     8  sys_exit.o(.text)
    __default_signal_display                 0x08009f01   Thumb Code    50  defsig_general.o(.text)
    _ttywrch                                 0x08009f33   Thumb Code    14  sys_wrch.o(.text)
    _btod_d2e                                0x08009f41   Thumb Code    62  btod.o(CL$$btod_d2e)
    _d2e_denorm_low                          0x08009f7f   Thumb Code    70  btod.o(CL$$btod_d2e_denorm_low)
    _d2e_norm_op1                            0x08009fc5   Thumb Code    96  btod.o(CL$$btod_d2e_norm_op1)
    __btod_div_common                        0x0800a025   Thumb Code   696  btod.o(CL$$btod_div_common)
    _e2e                                     0x0800a35d   Thumb Code   220  btod.o(CL$$btod_e2e)
    _btod_ediv                               0x0800a439   Thumb Code    42  btod.o(CL$$btod_ediv)
    _btod_emul                               0x0800a463   Thumb Code    42  btod.o(CL$$btod_emul)
    __btod_mult_common                       0x0800a48d   Thumb Code   580  btod.o(CL$$btod_mult_common)
    __ARM_fpclassify                         0x0800a6d1   Thumb Code    40  fpclassify.o(i.__ARM_fpclassify)
    __kernel_poly                            0x0800a6f9   Thumb Code   170  poly.o(i.__kernel_poly)
    __mathlib_dbl_divzero                    0x0800a7a5   Thumb Code    12  dunder.o(i.__mathlib_dbl_divzero)
    __mathlib_dbl_infnan2                    0x0800a7b5   Thumb Code     4  dunder.o(i.__mathlib_dbl_infnan2)
    __mathlib_dbl_invalid                    0x0800a7b9   Thumb Code    12  dunder.o(i.__mathlib_dbl_invalid)
    __mathlib_dbl_overflow                   0x0800a7c5   Thumb Code    14  dunder.o(i.__mathlib_dbl_overflow)
    __mathlib_dbl_underflow                  0x0800a7d5   Thumb Code    10  dunder.o(i.__mathlib_dbl_underflow)
    _is_digit                                0x0800a7e5   Thumb Code    14  __printf_wp.o(i._is_digit)
    floor                                    0x0800a7f5   Thumb Code   204  floor.o(i.floor)
    pow                                      0x0800a8d1   Thumb Code  2512  pow.o(i.pow)
    sqrt                                     0x0800b2a9   Thumb Code    76  sqrt.o(i.sqrt)
    _get_lc_ctype                            0x0800b2f5   Thumb Code    44  lc_ctype_c.o(locale$$code)
    _get_lc_numeric                          0x0800b321   Thumb Code    44  lc_numeric_c.o(locale$$code)
    __aeabi_dadd                             0x0800b34d   Thumb Code     0  daddsub_clz.o(x$fpl$dadd)
    _dadd                                    0x0800b34d   Thumb Code   332  daddsub_clz.o(x$fpl$dadd)
    __fpl_dcheck_NaN1                        0x0800b49d   Thumb Code    10  dcheck1.o(x$fpl$dcheck1)
    __fpl_dcmp_Inf                           0x0800b4ad   Thumb Code    24  dcmpi.o(x$fpl$dcmpinf)
    __aeabi_ddiv                             0x0800b4c5   Thumb Code     0  ddiv.o(x$fpl$ddiv)
    _ddiv                                    0x0800b4c5   Thumb Code   552  ddiv.o(x$fpl$ddiv)
    __aeabi_cdcmpeq                          0x0800b775   Thumb Code     0  deqf.o(x$fpl$deqf)
    _dcmpeq                                  0x0800b775   Thumb Code   120  deqf.o(x$fpl$deqf)
    __aeabi_d2iz                             0x0800b7ed   Thumb Code     0  dfix.o(x$fpl$dfix)
    _dfix                                    0x0800b7ed   Thumb Code    94  dfix.o(x$fpl$dfix)
    __aeabi_i2d                              0x0800b84b   Thumb Code     0  dflt_clz.o(x$fpl$dflt)
    _dflt                                    0x0800b84b   Thumb Code    46  dflt_clz.o(x$fpl$dflt)
    __aeabi_cdcmple                          0x0800b879   Thumb Code     0  dleqf.o(x$fpl$dleqf)
    _dcmple                                  0x0800b879   Thumb Code   120  dleqf.o(x$fpl$dleqf)
    __fpl_dcmple_InfNaN                      0x0800b8db   Thumb Code     0  dleqf.o(x$fpl$dleqf)
    __aeabi_dmul                             0x0800b8f1   Thumb Code     0  dmul.o(x$fpl$dmul)
    _dmul                                    0x0800b8f1   Thumb Code   332  dmul.o(x$fpl$dmul)
    __fpl_dnaninf                            0x0800ba45   Thumb Code   156  dnaninf.o(x$fpl$dnaninf)
    __fpl_dretinf                            0x0800bae1   Thumb Code    12  dretinf.o(x$fpl$dretinf)
    __aeabi_cdrcmple                         0x0800baed   Thumb Code     0  drleqf.o(x$fpl$drleqf)
    _drcmple                                 0x0800baed   Thumb Code   108  drleqf.o(x$fpl$drleqf)
    __aeabi_drsub                            0x0800bb59   Thumb Code     0  daddsub_clz.o(x$fpl$drsb)
    _drsb                                    0x0800bb59   Thumb Code    22  daddsub_clz.o(x$fpl$drsb)
    _dsqrt                                   0x0800bb71   Thumb Code   456  dsqrt_noumaal.o(x$fpl$dsqrt)
    __aeabi_dsub                             0x0800bd3d   Thumb Code     0  daddsub_clz.o(x$fpl$dsub)
    _dsub                                    0x0800bd3d   Thumb Code   464  daddsub_clz.o(x$fpl$dsub)
    __aeabi_f2d                              0x0800bf11   Thumb Code     0  f2d.o(x$fpl$f2d)
    _f2d                                     0x0800bf11   Thumb Code    86  f2d.o(x$fpl$f2d)
    __aeabi_fdiv                             0x0800bf69   Thumb Code     0  fdiv.o(x$fpl$fdiv)
    _fdiv                                    0x0800bf69   Thumb Code   384  fdiv.o(x$fpl$fdiv)
    __aeabi_f2iz                             0x0800c0ed   Thumb Code     0  ffix.o(x$fpl$ffix)
    _ffix                                    0x0800c0ed   Thumb Code    54  ffix.o(x$fpl$ffix)
    __aeabi_ui2f                             0x0800c125   Thumb Code     0  fflt_clz.o(x$fpl$ffltu)
    _ffltu                                   0x0800c125   Thumb Code    38  fflt_clz.o(x$fpl$ffltu)
    __aeabi_fmul                             0x0800c14d   Thumb Code     0  fmul.o(x$fpl$fmul)
    _fmul                                    0x0800c14d   Thumb Code   258  fmul.o(x$fpl$fmul)
    __fpl_fnaninf                            0x0800c24f   Thumb Code   140  fnaninf.o(x$fpl$fnaninf)
    __fpl_fretinf                            0x0800c2db   Thumb Code    10  fretinf.o(x$fpl$fretinf)
    _printf_fp_dec                           0x0800c2e5   Thumb Code     4  printf1.o(x$fpl$printf1)
    _printf_fp_hex                           0x0800c2e9   Thumb Code     4  printf2.o(x$fpl$printf2)
    __fpl_return_NaN                         0x0800c2ed   Thumb Code   100  retnan.o(x$fpl$retnan)
    __ARM_scalbn                             0x0800c351   Thumb Code    92  scalbn.o(x$fpl$scalbn)
    __fpl_cmpreturn                          0x0800c3ad   Thumb Code    48  trapv.o(x$fpl$trapveneer)
    __I$use$fp                               0x0800c3dc   Number         0  usenofp.o(x$fpl$usenofp)
    auw_hamm                                 0x0800c3dc   Data          62  algorithm.o(.constdata)
    uch_spo2_table                           0x0800c41a   Data         184  algorithm.o(.constdata)
    F6x8                                     0x0800c599   Data         552  oled.o(.constdata)
    F8X16                                    0x0800c7c1   Data        1520  oled.o(.constdata)
    __mathlib_zero                           0x0800ce80   Data           8  qnan.o(.constdata)
    Region$$Table$$Base                      0x0800d068   Number         0  anon$$obj.o(Region$$Table)
    Region$$Table$$Limit                     0x0800d088   Number         0  anon$$obj.o(Region$$Table)
    __ctype                                  0x0800d095   Data           0  lc_ctype_c.o(locale$$data)
    SystemCoreClock                          0x20000000   Data           4  system_stm32f10x.o(.data)
    AHBPrescTable                            0x20000004   Data          16  system_stm32f10x.o(.data)
    UsCount                                  0x20000028   Data           1  delay.o(.data)
    MsCount                                  0x2000002a   Data           2  delay.o(.data)
    led_info                                 0x2000002c   Data           1  led.o(.data)
    time                                     0x20000030   Data           8  hcsr04.o(.data)
    time_end                                 0x20000038   Data           8  hcsr04.o(.data)
    yled_info                                0x20000040   Data           1  pwm.o(.data)
    wled_info                                0x20000041   Data           1  pwm.o(.data)
    beep_info                                0x20000042   Data           1  beep.o(.data)
    n_ir_buffer_length                       0x20000044   Data           4  max30102.o(.data)
    n_sp02                                   0x20000048   Data           4  max30102.o(.data)
    ch_spo2_valid                            0x2000004c   Data           1  max30102.o(.data)
    n_heart_rate                             0x20000050   Data           4  max30102.o(.data)
    ch_hr_valid                              0x20000054   Data           1  max30102.o(.data)
    uch_dummy                                0x20000055   Data           1  max30102.o(.data)
    heart                                    0x20000058   Data           4  max30102.o(.data)
    temp                                     0x2000005c   Data           1  main.o(.data)
    humi                                     0x2000005d   Data           1  main.o(.data)
    Distance_mm                              0x2000005e   Data           2  main.o(.data)
    esp8266_cnt                              0x20000062   Data           2  esp8266.o(.data)
    esp8266_cntPre                           0x20000064   Data           2  esp8266.o(.data)
    Hzk                                      0x20000074   Data        1216  oled.o(.data)
    aun_ir_buffer                            0x20001c94   Data        2000  max30102.o(.bss)
    aun_red_buffer                           0x20002464   Data        2000  max30102.o(.bss)
    devid                                    0x20002c34   Data          16  onenet.o(.bss)
    key                                      0x20002c44   Data          48  onenet.o(.bss)
    esp8266_buf                              0x20002c74   Data         512  esp8266.o(.bss)
    __libspace_start                         0x20002e74   Data          96  libspace.o(.bss)
    __temporary_stack_top$libspace           0x20002ed4   Data           0  libspace.o(.bss)



==============================================================================

Memory Map of the image

  Image Entry point : 0x080000ed

  Load Region LR_IROM1 (Base: 0x08000000, Size: 0x0000d6e8, Max: 0x00010000, ABSOLUTE, COMPRESSED[0x0000d3c8])

    Execution Region ER_IROM1 (Exec base: 0x08000000, Load base: 0x08000000, Size: 0x0000d1b4, Max: 0x00010000, ABSOLUTE)

    Exec Addr    Load Addr    Size         Type   Attr      Idx    E Section Name        Object

    0x08000000   0x08000000   0x000000ec   Data   RO          139    RESET               startup_stm32f10x_md.o
    0x080000ec   0x080000ec   0x00000008   Code   RO          859  * !!!main             c_w.l(__main.o)
    0x080000f4   0x080000f4   0x00000034   Code   RO         1307    !!!scatter          c_w.l(__scatter.o)
    0x08000128   0x08000128   0x0000005a   Code   RO         1305    !!dczerorl2         c_w.l(__dczerorl2.o)
    0x08000182   0x08000182   0x00000002   PAD
    0x08000184   0x08000184   0x0000001c   Code   RO         1309    !!handler_zi        c_w.l(__scatter_zi.o)
    0x080001a0   0x080001a0   0x00000000   Code   RO          828    .ARM.Collect$$_printf_percent$$00000000  c_w.l(_printf_percent.o)
    0x080001a0   0x080001a0   0x00000006   Code   RO          983    .ARM.Collect$$_printf_percent$$00000001  c_w.l(_printf_n.o)
    0x080001a6   0x080001a6   0x00000006   Code   RO          984    .ARM.Collect$$_printf_percent$$00000002  c_w.l(_printf_p.o)
    0x080001ac   0x080001ac   0x00000006   Code   RO          826    .ARM.Collect$$_printf_percent$$00000003  c_w.l(_printf_f.o)
    0x080001b2   0x080001b2   0x00000006   Code   RO          827    .ARM.Collect$$_printf_percent$$00000004  c_w.l(_printf_e.o)
    0x080001b8   0x080001b8   0x00000006   Code   RO          988    .ARM.Collect$$_printf_percent$$00000005  c_w.l(_printf_g.o)
    0x080001be   0x080001be   0x00000006   Code   RO          989    .ARM.Collect$$_printf_percent$$00000006  c_w.l(_printf_a.o)
    0x080001c4   0x080001c4   0x0000000a   Code   RO          994    .ARM.Collect$$_printf_percent$$00000007  c_w.l(_printf_ll.o)
    0x080001ce   0x080001ce   0x00000006   Code   RO          986    .ARM.Collect$$_printf_percent$$00000008  c_w.l(_printf_i.o)
    0x080001d4   0x080001d4   0x00000006   Code   RO          825    .ARM.Collect$$_printf_percent$$00000009  c_w.l(_printf_d.o)
    0x080001da   0x080001da   0x00000006   Code   RO          987    .ARM.Collect$$_printf_percent$$0000000A  c_w.l(_printf_u.o)
    0x080001e0   0x080001e0   0x00000006   Code   RO          985    .ARM.Collect$$_printf_percent$$0000000B  c_w.l(_printf_o.o)
    0x080001e6   0x080001e6   0x00000006   Code   RO          824    .ARM.Collect$$_printf_percent$$0000000C  c_w.l(_printf_x.o)
    0x080001ec   0x080001ec   0x00000006   Code   RO          991    .ARM.Collect$$_printf_percent$$0000000D  c_w.l(_printf_lli.o)
    0x080001f2   0x080001f2   0x00000006   Code   RO          992    .ARM.Collect$$_printf_percent$$0000000E  c_w.l(_printf_lld.o)
    0x080001f8   0x080001f8   0x00000006   Code   RO          993    .ARM.Collect$$_printf_percent$$0000000F  c_w.l(_printf_llu.o)
    0x080001fe   0x080001fe   0x00000006   Code   RO          998    .ARM.Collect$$_printf_percent$$00000010  c_w.l(_printf_llo.o)
    0x08000204   0x08000204   0x00000006   Code   RO          999    .ARM.Collect$$_printf_percent$$00000011  c_w.l(_printf_llx.o)
    0x0800020a   0x0800020a   0x0000000a   Code   RO          995    .ARM.Collect$$_printf_percent$$00000012  c_w.l(_printf_l.o)
    0x08000214   0x08000214   0x00000006   Code   RO          982    .ARM.Collect$$_printf_percent$$00000013  c_w.l(_printf_c.o)
    0x0800021a   0x0800021a   0x00000006   Code   RO          823    .ARM.Collect$$_printf_percent$$00000014  c_w.l(_printf_s.o)
    0x08000220   0x08000220   0x00000006   Code   RO          996    .ARM.Collect$$_printf_percent$$00000015  c_w.l(_printf_lc.o)
    0x08000226   0x08000226   0x00000006   Code   RO          997    .ARM.Collect$$_printf_percent$$00000016  c_w.l(_printf_ls.o)
    0x0800022c   0x0800022c   0x00000004   Code   RO          990    .ARM.Collect$$_printf_percent$$00000017  c_w.l(_printf_percent_end.o)
    0x08000230   0x08000230   0x00000002   Code   RO         1238    .ARM.Collect$$libinit$$00000000  c_w.l(libinit.o)
    0x08000232   0x08000232   0x00000000   Code   RO         1009    .ARM.Collect$$libinit$$00000002  c_w.l(libinit2.o)
    0x08000232   0x08000232   0x00000000   Code   RO         1011    .ARM.Collect$$libinit$$00000004  c_w.l(libinit2.o)
    0x08000232   0x08000232   0x00000008   Code   RO         1012    .ARM.Collect$$libinit$$00000005  c_w.l(libinit2.o)
    0x0800023a   0x0800023a   0x00000000   Code   RO         1014    .ARM.Collect$$libinit$$0000000A  c_w.l(libinit2.o)
    0x0800023a   0x0800023a   0x00000000   Code   RO         1016    .ARM.Collect$$libinit$$0000000C  c_w.l(libinit2.o)
    0x0800023a   0x0800023a   0x00000000   Code   RO         1018    .ARM.Collect$$libinit$$0000000E  c_w.l(libinit2.o)
    0x0800023a   0x0800023a   0x00000006   Code   RO         1019    .ARM.Collect$$libinit$$0000000F  c_w.l(libinit2.o)
    0x08000240   0x08000240   0x00000000   Code   RO         1021    .ARM.Collect$$libinit$$00000011  c_w.l(libinit2.o)
    0x08000240   0x08000240   0x0000000c   Code   RO         1022    .ARM.Collect$$libinit$$00000012  c_w.l(libinit2.o)
    0x0800024c   0x0800024c   0x00000000   Code   RO         1023    .ARM.Collect$$libinit$$00000013  c_w.l(libinit2.o)
    0x0800024c   0x0800024c   0x00000000   Code   RO         1025    .ARM.Collect$$libinit$$00000015  c_w.l(libinit2.o)
    0x0800024c   0x0800024c   0x0000000a   Code   RO         1026    .ARM.Collect$$libinit$$00000016  c_w.l(libinit2.o)
    0x08000256   0x08000256   0x00000000   Code   RO         1027    .ARM.Collect$$libinit$$00000017  c_w.l(libinit2.o)
    0x08000256   0x08000256   0x00000000   Code   RO         1029    .ARM.Collect$$libinit$$00000019  c_w.l(libinit2.o)
    0x08000256   0x08000256   0x00000000   Code   RO         1031    .ARM.Collect$$libinit$$0000001B  c_w.l(libinit2.o)
    0x08000256   0x08000256   0x00000000   Code   RO         1033    .ARM.Collect$$libinit$$0000001D  c_w.l(libinit2.o)
    0x08000256   0x08000256   0x00000000   Code   RO         1035    .ARM.Collect$$libinit$$0000001F  c_w.l(libinit2.o)
    0x08000256   0x08000256   0x00000000   Code   RO         1037    .ARM.Collect$$libinit$$00000021  c_w.l(libinit2.o)
    0x08000256   0x08000256   0x00000000   Code   RO         1039    .ARM.Collect$$libinit$$00000023  c_w.l(libinit2.o)
    0x08000256   0x08000256   0x00000000   Code   RO         1041    .ARM.Collect$$libinit$$00000025  c_w.l(libinit2.o)
    0x08000256   0x08000256   0x00000000   Code   RO         1045    .ARM.Collect$$libinit$$0000002C  c_w.l(libinit2.o)
    0x08000256   0x08000256   0x00000000   Code   RO         1047    .ARM.Collect$$libinit$$0000002E  c_w.l(libinit2.o)
    0x08000256   0x08000256   0x00000000   Code   RO         1049    .ARM.Collect$$libinit$$00000030  c_w.l(libinit2.o)
    0x08000256   0x08000256   0x00000000   Code   RO         1051    .ARM.Collect$$libinit$$00000032  c_w.l(libinit2.o)
    0x08000256   0x08000256   0x00000002   Code   RO         1052    .ARM.Collect$$libinit$$00000033  c_w.l(libinit2.o)
    0x08000258   0x08000258   0x00000002   Code   RO         1302    .ARM.Collect$$libshutdown$$00000000  c_w.l(libshutdown.o)
    0x0800025a   0x0800025a   0x00000000   Code   RO         1256    .ARM.Collect$$libshutdown$$00000002  c_w.l(libshutdown2.o)
    0x0800025a   0x0800025a   0x00000000   Code   RO         1258    .ARM.Collect$$libshutdown$$00000004  c_w.l(libshutdown2.o)
    0x0800025a   0x0800025a   0x00000000   Code   RO         1260    .ARM.Collect$$libshutdown$$00000006  c_w.l(libshutdown2.o)
    0x0800025a   0x0800025a   0x00000000   Code   RO         1263    .ARM.Collect$$libshutdown$$00000009  c_w.l(libshutdown2.o)
    0x0800025a   0x0800025a   0x00000000   Code   RO         1266    .ARM.Collect$$libshutdown$$0000000C  c_w.l(libshutdown2.o)
    0x0800025a   0x0800025a   0x00000000   Code   RO         1268    .ARM.Collect$$libshutdown$$0000000E  c_w.l(libshutdown2.o)
    0x0800025a   0x0800025a   0x00000000   Code   RO         1271    .ARM.Collect$$libshutdown$$00000011  c_w.l(libshutdown2.o)
    0x0800025a   0x0800025a   0x00000002   Code   RO         1272    .ARM.Collect$$libshutdown$$00000012  c_w.l(libshutdown2.o)
    0x0800025c   0x0800025c   0x00000000   Code   RO          921    .ARM.Collect$$rtentry$$00000000  c_w.l(__rtentry.o)
    0x0800025c   0x0800025c   0x00000000   Code   RO         1109    .ARM.Collect$$rtentry$$00000002  c_w.l(__rtentry2.o)
    0x0800025c   0x0800025c   0x00000006   Code   RO         1121    .ARM.Collect$$rtentry$$00000004  c_w.l(__rtentry4.o)
    0x08000262   0x08000262   0x00000000   Code   RO         1111    .ARM.Collect$$rtentry$$00000009  c_w.l(__rtentry2.o)
    0x08000262   0x08000262   0x00000004   Code   RO         1112    .ARM.Collect$$rtentry$$0000000A  c_w.l(__rtentry2.o)
    0x08000266   0x08000266   0x00000000   Code   RO         1114    .ARM.Collect$$rtentry$$0000000C  c_w.l(__rtentry2.o)
    0x08000266   0x08000266   0x00000008   Code   RO         1115    .ARM.Collect$$rtentry$$0000000D  c_w.l(__rtentry2.o)
    0x0800026e   0x0800026e   0x00000002   Code   RO         1243    .ARM.Collect$$rtexit$$00000000  c_w.l(rtexit.o)
    0x08000270   0x08000270   0x00000000   Code   RO         1278    .ARM.Collect$$rtexit$$00000002  c_w.l(rtexit2.o)
    0x08000270   0x08000270   0x00000004   Code   RO         1279    .ARM.Collect$$rtexit$$00000003  c_w.l(rtexit2.o)
    0x08000274   0x08000274   0x00000006   Code   RO         1280    .ARM.Collect$$rtexit$$00000004  c_w.l(rtexit2.o)
    0x0800027a   0x0800027a   0x00000002   PAD
    0x0800027c   0x0800027c   0x00000000   Code   RO         1137    .emb_text           c_w.l(maybetermalloc1.o)
    0x0800027c   0x0800027c   0x00000134   Code   RO           17    .text               stm32f10x_it.o
    0x080003b0   0x080003b0   0x000001e0   Code   RO          119    .text               system_stm32f10x.o
    0x08000590   0x08000590   0x00000040   Code   RO          140    .text               startup_stm32f10x_md.o
    0x080005d0   0x080005d0   0x000000dc   Code   RO          144    .text               misc.o
    0x080006ac   0x080006ac   0x0000035c   Code   RO          182    .text               stm32f10x_gpio.o
    0x08000a08   0x08000a08   0x000003a4   Code   RO          194    .text               stm32f10x_rcc.o
    0x08000dac   0x08000dac   0x00000408   Code   RO          208    .text               stm32f10x_usart.o
    0x080011b4   0x080011b4   0x00000e1a   Code   RO          232    .text               stm32f10x_tim.o
    0x08001fce   0x08001fce   0x00000002   PAD
    0x08001fd0   0x08001fd0   0x000000f4   Code   RO          244    .text               delay.o
    0x080020c4   0x080020c4   0x000001e8   Code   RO          262    .text               usart.o
    0x080022ac   0x080022ac   0x0000004c   Code   RO          284    .text               led.o
    0x080022f8   0x080022f8   0x000001a0   Code   RO          302    .text               dht11.o
    0x08002498   0x08002498   0x00000078   Code   RO          317    .text               timer.o
    0x08002510   0x08002510   0x000001d8   Code   RO          332    .text               hcsr04.o
    0x080026e8   0x080026e8   0x00000128   Code   RO          350    .text               pwm.o
    0x08002810   0x08002810   0x0000003c   Code   RO          368    .text               lightsensor.o
    0x0800284c   0x0800284c   0x0000005c   Code   RO          383    .text               beep.o
    0x080028a8   0x080028a8   0x000006a4   Code   RO          401    .text               algorithm.o
    0x08002f4c   0x08002f4c   0x00000598   Code   RO          423    .text               max30102.o
    0x080034e4   0x080034e4   0x00000374   Code   RO          449    .text               xiic.o
    0x08003858   0x08003858   0x000003f0   Code   RO          461    .text               main.o
    0x08003c48   0x08003c48   0x00000c2c   Code   RO          506    .text               onenet.o
    0x08004874   0x08004874   0x00000486   Code   RO          552    .text               hmac_sha1.o
    0x08004cfa   0x08004cfa   0x00000002   PAD
    0x08004cfc   0x08004cfc   0x000002b0   Code   RO          571    .text               base64.o
    0x08004fac   0x08004fac   0x00000e08   Code   RO          592    .text               mqttkit.o
    0x08005db4   0x08005db4   0x000002a8   Code   RO          620    .text               esp8266.o
    0x0800605c   0x0800605c   0x00001a80   Code   RO          640    .text               cjson.o
    0x08007adc   0x08007adc   0x00000618   Code   RO          674    .text               oled.o
    0x080080f4   0x080080f4   0x0000005e   Code   RO          702    .text               c_w.l(h1_alloc.o)
    0x08008152   0x08008152   0x0000004e   Code   RO          704    .text               c_w.l(h1_free.o)
    0x080081a0   0x080081a0   0x000000ee   Code   RO          760    .text               c_w.l(lludivv7m.o)
    0x0800828e   0x0800828e   0x0000001a   Code   RO          762    .text               c_w.l(tolower.o)
    0x080082a8   0x080082a8   0x00000034   Code   RO          764    .text               c_w.l(vsnprintf.o)
    0x080082dc   0x080082dc   0x0000002c   Code   RO          766    .text               c_w.l(__2sprintf.o)
    0x08008308   0x08008308   0x00000038   Code   RO          768    .text               c_w.l(__2snprintf.o)
    0x08008340   0x08008340   0x0000004e   Code   RO          776    .text               c_w.l(_printf_pad.o)
    0x0800838e   0x0800838e   0x00000052   Code   RO          778    .text               c_w.l(_printf_str.o)
    0x080083e0   0x080083e0   0x00000078   Code   RO          780    .text               c_w.l(_printf_dec.o)
    0x08008458   0x08008458   0x00000094   Code   RO          800    .text               c_w.l(_printf_hex_int_ll_ptr.o)
    0x080084ec   0x080084ec   0x00000188   Code   RO          820    .text               c_w.l(__printf_flags_ss_wp.o)
    0x08008674   0x08008674   0x0000003c   Code   RO          829    .text               c_w.l(__0sscanf.o)
    0x080086b0   0x080086b0   0x0000014c   Code   RO          831    .text               c_w.l(_scanf_int.o)
    0x080087fc   0x080087fc   0x000000e0   Code   RO          833    .text               c_w.l(_scanf_str.o)
    0x080088dc   0x080088dc   0x00000014   Code   RO          835    .text               c_w.l(strchr.o)
    0x080088f0   0x080088f0   0x00000024   Code   RO          837    .text               c_w.l(strncat.o)
    0x08008914   0x08008914   0x00000024   Code   RO          839    .text               c_w.l(strstr.o)
    0x08008938   0x08008938   0x00000048   Code   RO          841    .text               c_w.l(strcpy.o)
    0x08008980   0x08008980   0x0000003e   Code   RO          843    .text               c_w.l(strlen.o)
    0x080089be   0x080089be   0x00000096   Code   RO          845    .text               c_w.l(strncmp.o)
    0x08008a54   0x08008a54   0x00000018   Code   RO          847    .text               c_w.l(strcat.o)
    0x08008a6c   0x08008a6c   0x0000008a   Code   RO          849    .text               c_w.l(rt_memcpy_v6.o)
    0x08008af6   0x08008af6   0x00000064   Code   RO          851    .text               c_w.l(rt_memcpy_w.o)
    0x08008b5a   0x08008b5a   0x00000044   Code   RO          853    .text               c_w.l(rt_memclr.o)
    0x08008b9e   0x08008b9e   0x0000004e   Code   RO          855    .text               c_w.l(rt_memclr_w.o)
    0x08008bec   0x08008bec   0x00000006   Code   RO          857    .text               c_w.l(heapauxi.o)
    0x08008bf2   0x08008bf2   0x00000002   PAD
    0x08008bf4   0x08008bf4   0x00000010   Code   RO          922    .text               c_w.l(rt_ctype_table.o)
    0x08008c04   0x08008c04   0x00000008   Code   RO          931    .text               c_w.l(rt_heap_descriptor_intlibspace.o)
    0x08008c0c   0x08008c0c   0x00000004   Code   RO          933    .text               c_w.l(hguard.o)
    0x08008c10   0x08008c10   0x0000008a   Code   RO          935    .text               c_w.l(init_alloc.o)
    0x08008c9a   0x08008c9a   0x0000000e   Code   RO          939    .text               c_w.l(h1_init.o)
    0x08008ca8   0x08008ca8   0x00000016   Code   RO          953    .text               c_w.l(_rserrno.o)
    0x08008cbe   0x08008cbe   0x00000024   Code   RO          955    .text               c_w.l(_printf_truncate.o)
    0x08008ce2   0x08008ce2   0x000000b2   Code   RO          957    .text               c_w.l(_printf_intcommon.o)
    0x08008d94   0x08008d94   0x00000028   Code   RO          959    .text               c_w.l(_printf_charcount.o)
    0x08008dbc   0x08008dbc   0x0000041e   Code   RO          961    .text               c_w.l(_printf_fp_dec.o)
    0x080091da   0x080091da   0x00000002   PAD
    0x080091dc   0x080091dc   0x00000030   Code   RO          963    .text               c_w.l(_printf_char_common.o)
    0x0800920c   0x0800920c   0x0000000a   Code   RO          965    .text               c_w.l(_sputc.o)
    0x08009216   0x08009216   0x00000010   Code   RO          967    .text               c_w.l(_snputc.o)
    0x08009226   0x08009226   0x0000002c   Code   RO          969    .text               c_w.l(_printf_char.o)
    0x08009252   0x08009252   0x00000002   PAD
    0x08009254   0x08009254   0x000000bc   Code   RO          971    .text               c_w.l(_printf_wctomb.o)
    0x08009310   0x08009310   0x0000007c   Code   RO          974    .text               c_w.l(_printf_longlong_dec.o)
    0x0800938c   0x0800938c   0x00000070   Code   RO          980    .text               c_w.l(_printf_oct_int_ll.o)
    0x080093fc   0x080093fc   0x0000001c   Code   RO         1000    .text               c_w.l(_chval.o)
    0x08009418   0x08009418   0x0000002c   Code   RO         1002    .text               c_w.l(scanf_char.o)
    0x08009444   0x08009444   0x00000040   Code   RO         1004    .text               c_w.l(_sgetc.o)
    0x08009484   0x08009484   0x00000008   Code   RO         1105    .text               c_w.l(libspace.o)
    0x0800948c   0x0800948c   0x00000008   Code   RO         1128    .text               c_w.l(rt_locale_intlibspace.o)
    0x08009494   0x08009494   0x00000008   Code   RO         1133    .text               c_w.l(rt_errno_addr_intlibspace.o)
    0x0800949c   0x0800949c   0x00000034   Code   RO         1139    .text               c_w.l(h1_extend.o)
    0x080094d0   0x080094d0   0x0000008a   Code   RO         1143    .text               c_w.l(lludiv10.o)
    0x0800955a   0x0800955a   0x00000012   Code   RO         1145    .text               c_w.l(isspace.o)
    0x0800956c   0x0800956c   0x000002fc   Code   RO         1147    .text               c_w.l(_printf_fp_hex.o)
    0x08009868   0x08009868   0x00000080   Code   RO         1150    .text               c_w.l(_printf_fp_infnan.o)
    0x080098e8   0x080098e8   0x0000002c   Code   RO         1154    .text               c_w.l(_printf_wchar.o)
    0x08009914   0x08009914   0x00000374   Code   RO         1156    .text               c_w.l(_scanf.o)
    0x08009c88   0x08009c88   0x000000e4   Code   RO         1158    .text               c_w.l(bigflt0.o)
    0x08009d6c   0x08009d6c   0x00000040   Code   RO         1183    .text               c_w.l(_wcrtomb.o)
    0x08009dac   0x08009dac   0x0000000e   Code   RO         1191    .text               c_w.l(defsig_rtmem_outer.o)
    0x08009dba   0x08009dba   0x00000002   Code   RO         1208    .text               c_w.l(use_no_semi.o)
    0x08009dbc   0x08009dbc   0x00000000   Code   RO         1210    .text               c_w.l(indicate_semi.o)
    0x08009dbc   0x08009dbc   0x0000004a   Code   RO         1211    .text               c_w.l(sys_stackheap_outer.o)
    0x08009e06   0x08009e06   0x00000012   Code   RO         1217    .text               c_w.l(exit.o)
    0x08009e18   0x08009e18   0x0000000a   Code   RO         1219    .text               c_w.l(defsig_exit.o)
    0x08009e22   0x08009e22   0x00000002   PAD
    0x08009e24   0x08009e24   0x00000050   Code   RO         1225    .text               c_w.l(defsig_rtmem_inner.o)
    0x08009e74   0x08009e74   0x00000080   Code   RO         1227    .text               c_w.l(strcmpv7m.o)
    0x08009ef4   0x08009ef4   0x0000000c   Code   RO         1241    .text               c_w.l(sys_exit.o)
    0x08009f00   0x08009f00   0x00000032   Code   RO         1251    .text               c_w.l(defsig_general.o)
    0x08009f32   0x08009f32   0x0000000e   Code   RO         1275    .text               c_w.l(sys_wrch.o)
    0x08009f40   0x08009f40   0x0000003e   Code   RO         1161    CL$$btod_d2e        c_w.l(btod.o)
    0x08009f7e   0x08009f7e   0x00000046   Code   RO         1163    CL$$btod_d2e_denorm_low  c_w.l(btod.o)
    0x08009fc4   0x08009fc4   0x00000060   Code   RO         1162    CL$$btod_d2e_norm_op1  c_w.l(btod.o)
    0x0800a024   0x0800a024   0x00000338   Code   RO         1171    CL$$btod_div_common  c_w.l(btod.o)
    0x0800a35c   0x0800a35c   0x000000dc   Code   RO         1168    CL$$btod_e2e        c_w.l(btod.o)
    0x0800a438   0x0800a438   0x0000002a   Code   RO         1165    CL$$btod_ediv       c_w.l(btod.o)
    0x0800a462   0x0800a462   0x0000002a   Code   RO         1164    CL$$btod_emul       c_w.l(btod.o)
    0x0800a48c   0x0800a48c   0x00000244   Code   RO         1170    CL$$btod_mult_common  c_w.l(btod.o)
    0x0800a6d0   0x0800a6d0   0x00000028   Code   RO         1090    i.__ARM_fpclassify  m_ws.l(fpclassify.o)
    0x0800a6f8   0x0800a6f8   0x000000aa   Code   RO         1092    i.__kernel_poly     m_ws.l(poly.o)
    0x0800a7a2   0x0800a7a2   0x00000002   PAD
    0x0800a7a4   0x0800a7a4   0x00000010   Code   RO         1076    i.__mathlib_dbl_divzero  m_ws.l(dunder.o)
    0x0800a7b4   0x0800a7b4   0x00000004   Code   RO         1078    i.__mathlib_dbl_infnan2  m_ws.l(dunder.o)
    0x0800a7b8   0x0800a7b8   0x0000000c   Code   RO         1079    i.__mathlib_dbl_invalid  m_ws.l(dunder.o)
    0x0800a7c4   0x0800a7c4   0x0000000e   Code   RO         1080    i.__mathlib_dbl_overflow  m_ws.l(dunder.o)
    0x0800a7d2   0x0800a7d2   0x00000002   PAD
    0x0800a7d4   0x0800a7d4   0x00000010   Code   RO         1082    i.__mathlib_dbl_underflow  m_ws.l(dunder.o)
    0x0800a7e4   0x0800a7e4   0x0000000e   Code   RO          813    i._is_digit         c_w.l(__printf_wp.o)
    0x0800a7f2   0x0800a7f2   0x00000002   PAD
    0x0800a7f4   0x0800a7f4   0x000000dc   Code   RO          906    i.floor             m_ws.l(floor.o)
    0x0800a8d0   0x0800a8d0   0x000009d8   Code   RO          910    i.pow               m_ws.l(pow.o)
    0x0800b2a8   0x0800b2a8   0x0000004c   Code   RO         1096    i.sqrt              m_ws.l(sqrt.o)
    0x0800b2f4   0x0800b2f4   0x0000002c   Code   RO         1186    locale$$code        c_w.l(lc_ctype_c.o)
    0x0800b320   0x0800b320   0x0000002c   Code   RO         1189    locale$$code        c_w.l(lc_numeric_c.o)
    0x0800b34c   0x0800b34c   0x00000150   Code   RO          861    x$fpl$dadd          fz_ws.l(daddsub_clz.o)
    0x0800b49c   0x0800b49c   0x00000010   Code   RO         1200    x$fpl$dcheck1       fz_ws.l(dcheck1.o)
    0x0800b4ac   0x0800b4ac   0x00000018   Code   RO         1053    x$fpl$dcmpinf       fz_ws.l(dcmpi.o)
    0x0800b4c4   0x0800b4c4   0x000002b0   Code   RO         1056    x$fpl$ddiv          fz_ws.l(ddiv.o)
    0x0800b774   0x0800b774   0x00000078   Code   RO          867    x$fpl$deqf          fz_ws.l(deqf.o)
    0x0800b7ec   0x0800b7ec   0x0000005e   Code   RO          869    x$fpl$dfix          fz_ws.l(dfix.o)
    0x0800b84a   0x0800b84a   0x0000002e   Code   RO          874    x$fpl$dflt          fz_ws.l(dflt_clz.o)
    0x0800b878   0x0800b878   0x00000078   Code   RO          879    x$fpl$dleqf         fz_ws.l(dleqf.o)
    0x0800b8f0   0x0800b8f0   0x00000154   Code   RO          881    x$fpl$dmul          fz_ws.l(dmul.o)
    0x0800ba44   0x0800ba44   0x0000009c   Code   RO         1059    x$fpl$dnaninf       fz_ws.l(dnaninf.o)
    0x0800bae0   0x0800bae0   0x0000000c   Code   RO         1061    x$fpl$dretinf       fz_ws.l(dretinf.o)
    0x0800baec   0x0800baec   0x0000006c   Code   RO          883    x$fpl$drleqf        fz_ws.l(drleqf.o)
    0x0800bb58   0x0800bb58   0x00000016   Code   RO          862    x$fpl$drsb          fz_ws.l(daddsub_clz.o)
    0x0800bb6e   0x0800bb6e   0x00000002   PAD
    0x0800bb70   0x0800bb70   0x000001cc   Code   RO         1202    x$fpl$dsqrt         fz_ws.l(dsqrt_noumaal.o)
    0x0800bd3c   0x0800bd3c   0x000001d4   Code   RO          863    x$fpl$dsub          fz_ws.l(daddsub_clz.o)
    0x0800bf10   0x0800bf10   0x00000056   Code   RO          885    x$fpl$f2d           fz_ws.l(f2d.o)
    0x0800bf66   0x0800bf66   0x00000002   PAD
    0x0800bf68   0x0800bf68   0x00000184   Code   RO          888    x$fpl$fdiv          fz_ws.l(fdiv.o)
    0x0800c0ec   0x0800c0ec   0x00000036   Code   RO          891    x$fpl$ffix          fz_ws.l(ffix.o)
    0x0800c122   0x0800c122   0x00000002   PAD
    0x0800c124   0x0800c124   0x00000026   Code   RO          895    x$fpl$ffltu         fz_ws.l(fflt_clz.o)
    0x0800c14a   0x0800c14a   0x00000002   PAD
    0x0800c14c   0x0800c14c   0x00000102   Code   RO          901    x$fpl$fmul          fz_ws.l(fmul.o)
    0x0800c24e   0x0800c24e   0x0000008c   Code   RO         1063    x$fpl$fnaninf       fz_ws.l(fnaninf.o)
    0x0800c2da   0x0800c2da   0x0000000a   Code   RO         1065    x$fpl$fretinf       fz_ws.l(fretinf.o)
    0x0800c2e4   0x0800c2e4   0x00000004   Code   RO          903    x$fpl$printf1       fz_ws.l(printf1.o)
    0x0800c2e8   0x0800c2e8   0x00000004   Code   RO         1067    x$fpl$printf2       fz_ws.l(printf2.o)
    0x0800c2ec   0x0800c2ec   0x00000064   Code   RO         1239    x$fpl$retnan        fz_ws.l(retnan.o)
    0x0800c350   0x0800c350   0x0000005c   Code   RO         1073    x$fpl$scalbn        fz_ws.l(scalbn.o)
    0x0800c3ac   0x0800c3ac   0x00000030   Code   RO         1273    x$fpl$trapveneer    fz_ws.l(trapv.o)
    0x0800c3dc   0x0800c3dc   0x00000000   Code   RO         1075    x$fpl$usenofp       fz_ws.l(usenofp.o)
    0x0800c3dc   0x0800c3dc   0x000000f6   Data   RO          403    .constdata          algorithm.o
    0x0800c4d2   0x0800c4d2   0x000000c0   Data   RO          572    .constdata          base64.o
    0x0800c592   0x0800c592   0x00000007   Data   RO          641    .constdata          cjson.o
    0x0800c599   0x0800c599   0x00000818   Data   RO          675    .constdata          oled.o
    0x0800cdb1   0x0800cdb1   0x00000028   Data   RO          801    .constdata          c_w.l(_printf_hex_int_ll_ptr.o)
    0x0800cdd9   0x0800cdd9   0x00000011   Data   RO          821    .constdata          c_w.l(__printf_flags_ss_wp.o)
    0x0800cdea   0x0800cdea   0x00000006   PAD
    0x0800cdf0   0x0800cdf0   0x00000088   Data   RO          911    .constdata          m_ws.l(pow.o)
    0x0800ce78   0x0800ce78   0x00000008   Data   RO          972    .constdata          c_w.l(_printf_wctomb.o)
    0x0800ce80   0x0800ce80   0x00000008   Data   RO         1094    .constdata          m_ws.l(qnan.o)
    0x0800ce88   0x0800ce88   0x00000026   Data   RO         1148    .constdata          c_w.l(_printf_fp_hex.o)
    0x0800ceae   0x0800ceae   0x00000002   PAD
    0x0800ceb0   0x0800ceb0   0x00000094   Data   RO         1159    .constdata          c_w.l(bigflt0.o)
    0x0800cf44   0x0800cf44   0x00000123   Data   RO          508    .conststring        onenet.o
    0x0800d067   0x0800d067   0x00000001   PAD
    0x0800d068   0x0800d068   0x00000020   Data   RO         1303    Region$$Table       anon$$obj.o
    0x0800d088   0x0800d088   0x00000110   Data   RO         1185    locale$$data        c_w.l(lc_ctype_c.o)
    0x0800d198   0x0800d198   0x0000001c   Data   RO         1188    locale$$data        c_w.l(lc_numeric_c.o)


    Execution Region RW_IRAM1 (Exec base: 0x20000000, Load base: 0x0800d1b4, Size: 0x000038d8, Max: 0x00005000, ABSOLUTE, COMPRESSED[0x00000214])

    Exec Addr    Load Addr    Size         Type   Attr      Idx    E Section Name        Object

    0x20000000   COMPRESSED   0x00000014   Data   RW          120    .data               system_stm32f10x.o
    0x20000014   COMPRESSED   0x00000014   Data   RW          195    .data               stm32f10x_rcc.o
    0x20000028   COMPRESSED   0x00000004   Data   RW          245    .data               delay.o
    0x2000002c   COMPRESSED   0x00000001   Data   RW          285    .data               led.o
    0x2000002d   COMPRESSED   0x00000003   PAD
    0x20000030   COMPRESSED   0x00000010   Data   RW          333    .data               hcsr04.o
    0x20000040   COMPRESSED   0x00000002   Data   RW          351    .data               pwm.o
    0x20000042   COMPRESSED   0x00000001   Data   RW          384    .data               beep.o
    0x20000043   COMPRESSED   0x00000001   PAD
    0x20000044   COMPRESSED   0x00000018   Data   RW          425    .data               max30102.o
    0x2000005c   COMPRESSED   0x00000004   Data   RW          462    .data               main.o
    0x20000060   COMPRESSED   0x00000002   Data   RW          509    .data               onenet.o
    0x20000062   COMPRESSED   0x00000004   Data   RW          622    .data               esp8266.o
    0x20000066   COMPRESSED   0x00000002   PAD
    0x20000068   COMPRESSED   0x0000000c   Data   RW          642    .data               cjson.o
    0x20000074   COMPRESSED   0x000004c0   Data   RW          676    .data               oled.o
    0x20000534        -       0x00001760   Zero   RW          402    .bss                algorithm.o
    0x20001c94        -       0x00000fa0   Zero   RW          424    .bss                max30102.o
    0x20002c34        -       0x00000040   Zero   RW          507    .bss                onenet.o
    0x20002c74        -       0x00000200   Zero   RW          621    .bss                esp8266.o
    0x20002e74        -       0x00000060   Zero   RW         1106    .bss                c_w.l(libspace.o)
    0x20002ed4   COMPRESSED   0x00000004   PAD
    0x20002ed8        -       0x00000200   Zero   RW          138    HEAP                startup_stm32f10x_md.o
    0x200030d8        -       0x00000800   Zero   RW          137    STACK               startup_stm32f10x_md.o


==============================================================================

Image component sizes


      Code (inc. data)   RO Data    RW Data    ZI Data      Debug   Object Name

      1700         30        246          0       5984       6355   algorithm.o
       688          8        192          0          0       3946   base64.o
        92         12          0          1          0       1937   beep.o
      6784        208          7         12          0      25200   cjson.o
         0          0          0          0          0       4588   core_cm3.o
       244         10          0          4          0       1936   delay.o
       416          4          0          0          0       2594   dht11.o
       680        198          0          4        512       3683   esp8266.o
       472         18          0         16          0       2757   hcsr04.o
      1158         28          0          0          0       3448   hmac_sha1.o
        76          8          0          1          0       1906   led.o
        60          6          0          0          0        891   lightsensor.o
      1008        242          0          4          0       2215   main.o
      1432         46          0         24       4000       5777   max30102.o
       220         22          0          0          0     206053   misc.o
      3592         74          0          0          0      16251   mqttkit.o
      1560         22       2072       1216          0       8025   oled.o
      3116       1258        291          2         64      10972   onenet.o
       296         16          0          2          0       2431   pwm.o
        64         26        236          0       2560        968   startup_stm32f10x_md.o
       860         38          0          0          0       6145   stm32f10x_gpio.o
       308        248          0          0          0      45991   stm32f10x_it.o
       932         36          0         20          0       9544   stm32f10x_rcc.o
      3610         88          0          0          0      23252   stm32f10x_tim.o
      1032         22          0          0          0       8868   stm32f10x_usart.o
       480         38          0         20          0       2475   system_stm32f10x.o
       120          4          0          0          0        801   timer.o
       488         14          0          0          0       3905   usart.o
       884         12          0          0          0       4265   xiic.o

    ----------------------------------------------------------------------
     32376       2736       3077       1332      13120     417179   Object Totals
         0          0         32          0          0          0   (incl. Generated)
         4          0          1          6          0          0   (incl. Padding)

    ----------------------------------------------------------------------

      Code (inc. data)   RO Data    RW Data    ZI Data      Debug   Library Member Name

        60          8          0          0          0         84   __0sscanf.o
        56          6          0          0          0         88   __2snprintf.o
        44          6          0          0          0         84   __2sprintf.o
        90          0          0          0          0          0   __dczerorl2.o
         8          0          0          0          0         68   __main.o
       392          4         17          0          0         92   __printf_flags_ss_wp.o
        14          0          0          0          0         68   __printf_wp.o
         0          0          0          0          0          0   __rtentry.o
        12          0          0          0          0          0   __rtentry2.o
         6          0          0          0          0          0   __rtentry4.o
        52          8          0          0          0          0   __scatter.o
        28          0          0          0          0          0   __scatter_zi.o
        28          0          0          0          0         68   _chval.o
         6          0          0          0          0          0   _printf_a.o
         6          0          0          0          0          0   _printf_c.o
        44          0          0          0          0        108   _printf_char.o
        48          6          0          0          0         96   _printf_char_common.o
        40          0          0          0          0         68   _printf_charcount.o
         6          0          0          0          0          0   _printf_d.o
       120         16          0          0          0         92   _printf_dec.o
         6          0          0          0          0          0   _printf_e.o
         6          0          0          0          0          0   _printf_f.o
      1054          0          0          0          0        216   _printf_fp_dec.o
       764          8         38          0          0        100   _printf_fp_hex.o
       128         16          0          0          0         84   _printf_fp_infnan.o
         6          0          0          0          0          0   _printf_g.o
       148          4         40          0          0        160   _printf_hex_int_ll_ptr.o
         6          0          0          0          0          0   _printf_i.o
       178          0          0          0          0         88   _printf_intcommon.o
        10          0          0          0          0          0   _printf_l.o
         6          0          0          0          0          0   _printf_lc.o
        10          0          0          0          0          0   _printf_ll.o
         6          0          0          0          0          0   _printf_lld.o
         6          0          0          0          0          0   _printf_lli.o
         6          0          0          0          0          0   _printf_llo.o
         6          0          0          0          0          0   _printf_llu.o
         6          0          0          0          0          0   _printf_llx.o
       124         16          0          0          0         92   _printf_longlong_dec.o
         6          0          0          0          0          0   _printf_ls.o
         6          0          0          0          0          0   _printf_n.o
         6          0          0          0          0          0   _printf_o.o
       112         10          0          0          0        124   _printf_oct_int_ll.o
         6          0          0          0          0          0   _printf_p.o
        78          0          0          0          0        108   _printf_pad.o
         0          0          0          0          0          0   _printf_percent.o
         4          0          0          0          0          0   _printf_percent_end.o
         6          0          0          0          0          0   _printf_s.o
        82          0          0          0          0         80   _printf_str.o
        36          0          0          0          0         84   _printf_truncate.o
         6          0          0          0          0          0   _printf_u.o
        44          0          0          0          0        108   _printf_wchar.o
       188          6          8          0          0         92   _printf_wctomb.o
         6          0          0          0          0          0   _printf_x.o
        22          0          0          0          0        100   _rserrno.o
       884          4          0          0          0        100   _scanf.o
       332          0          0          0          0         96   _scanf_int.o
       224          0          0          0          0         96   _scanf_str.o
        64          0          0          0          0         84   _sgetc.o
        16          0          0          0          0         68   _snputc.o
        10          0          0          0          0         68   _sputc.o
        64          0          0          0          0         92   _wcrtomb.o
       228          4        148          0          0         96   bigflt0.o
      1936        128          0          0          0        672   btod.o
        10          0          0          0          0         68   defsig_exit.o
        50          0          0          0          0         88   defsig_general.o
        80         58          0          0          0         76   defsig_rtmem_inner.o
        14          0          0          0          0         80   defsig_rtmem_outer.o
        18          0          0          0          0         80   exit.o
        94          0          0          0          0         80   h1_alloc.o
        52          0          0          0          0         68   h1_extend.o
        78          0          0          0          0         80   h1_free.o
        14          0          0          0          0         84   h1_init.o
         6          0          0          0          0        152   heapauxi.o
         4          0          0          0          0        136   hguard.o
         0          0          0          0          0          0   indicate_semi.o
       138          0          0          0          0        168   init_alloc.o
        18          0          0          0          0         76   isspace.o
        44         10        272          0          0         76   lc_ctype_c.o
        44         10         28          0          0         76   lc_numeric_c.o
         2          0          0          0          0          0   libinit.o
        38          0          0          0          0          0   libinit2.o
         2          0          0          0          0          0   libshutdown.o
         2          0          0          0          0          0   libshutdown2.o
         8          4          0          0         96         68   libspace.o
       138          0          0          0          0         80   lludiv10.o
       238          0          0          0          0        100   lludivv7m.o
         0          0          0          0          0          0   maybetermalloc1.o
        16          4          0          0          0         76   rt_ctype_table.o
         8          4          0          0          0         68   rt_errno_addr_intlibspace.o
         8          4          0          0          0         68   rt_heap_descriptor_intlibspace.o
         8          4          0          0          0         68   rt_locale_intlibspace.o
        68          0          0          0          0         68   rt_memclr.o
        78          0          0          0          0         80   rt_memclr_w.o
       138          0          0          0          0         68   rt_memcpy_v6.o
       100          0          0          0          0         80   rt_memcpy_w.o
         2          0          0          0          0          0   rtexit.o
        10          0          0          0          0          0   rtexit2.o
        44          8          0          0          0         84   scanf_char.o
        24          0          0          0          0         68   strcat.o
        20          0          0          0          0         68   strchr.o
       128          0          0          0          0         68   strcmpv7m.o
        72          0          0          0          0         80   strcpy.o
        62          0          0          0          0         76   strlen.o
        36          0          0          0          0         76   strncat.o
       150          0          0          0          0         80   strncmp.o
        36          0          0          0          0         80   strstr.o
        12          4          0          0          0         68   sys_exit.o
        74          0          0          0          0         80   sys_stackheap_outer.o
        14          0          0          0          0         76   sys_wrch.o
        26          0          0          0          0         76   tolower.o
         2          0          0          0          0         68   use_no_semi.o
        52          4          0          0          0         80   vsnprintf.o
       826         16          0          0          0        348   daddsub_clz.o
        16          4          0          0          0         68   dcheck1.o
        24          0          0          0          0         68   dcmpi.o
       688        140          0          0          0        208   ddiv.o
       120          4          0          0          0         92   deqf.o
        94          4          0          0          0         92   dfix.o
        46          0          0          0          0         68   dflt_clz.o
       120          4          0          0          0         92   dleqf.o
       340         12          0          0          0        104   dmul.o
       156          4          0          0          0         92   dnaninf.o
        12          0          0          0          0         68   dretinf.o
       108          0          0          0          0         80   drleqf.o
       460         56          0          0          0        120   dsqrt_noumaal.o
        86          4          0          0          0         84   f2d.o
       388         76          0          0          0         96   fdiv.o
        54          4          0          0          0         84   ffix.o
        38          0          0          0          0         68   fflt_clz.o
       258          4          0          0          0         84   fmul.o
       140          4          0          0          0         84   fnaninf.o
        10          0          0          0          0         68   fretinf.o
         4          0          0          0          0         68   printf1.o
         4          0          0          0          0         68   printf2.o
       100          0          0          0          0         68   retnan.o
        92          0          0          0          0         68   scalbn.o
        48          0          0          0          0         68   trapv.o
         0          0          0          0          0          0   usenofp.o
        62         10          0          0          0        340   dunder.o
       220         16          0          0          0         84   floor.o
        40          0          0          0          0         68   fpclassify.o
       170          0          0          0          0         96   poly.o
      2520        190        136          0          0        324   pow.o
         0          0          8          0          0          0   qnan.o
        76          0          0          0          0         84   sqrt.o

    ----------------------------------------------------------------------
     17528        916        703          0        100      10468   Library Totals
        26          0          8          0          4          0   (incl. Padding)

    ----------------------------------------------------------------------

      Code (inc. data)   RO Data    RW Data    ZI Data      Debug   Library Name

     10182        364        551          0         96       7064   c_w.l
      4232        336          0          0          0       2408   fz_ws.l
      3088        216        144          0          0        996   m_ws.l

    ----------------------------------------------------------------------
     17528        916        703          0        100      10468   Library Totals

    ----------------------------------------------------------------------

==============================================================================


      Code (inc. data)   RO Data    RW Data    ZI Data      Debug   

     49904       3652       3780       1332      13220     419427   Grand Totals
     49904       3652       3780        532      13220     419427   ELF Image Totals (compressed)
     49904       3652       3780        532          0          0   ROM Totals

==============================================================================

    Total RO  Size (Code + RO Data)                53684 (  52.43kB)
    Total RW  Size (RW Data + ZI Data)             14552 (  14.21kB)
    Total ROM Size (Code + RO Data + RW Data)      54216 (  52.95kB)

==============================================================================

